<html>
<body>
<pre>
<h1>µVision Build Log</h1>
<h2>Tool Versions:</h2>
IDE-Version: ¦ÌVision V5.23.0.0
Copyright (C) 2017 ARM Ltd and ARM Germany GmbH. All rights reserved.
License Information: Heng Li, Manfred, LIC=8VRJ7-E2P1Q-120LE-5429G-DCALP-L8JZM
 
Tool Versions:
Toolchain:       MDK-ARM Plus  Version: 5.23
Toolchain Path:  D:\Applications\30_keil\ARM\ARMCC\Bin
C Compiler:      Armcc.exe V5.06 update 4 (build 422)
Assembler:       Armasm.exe V5.06 update 4 (build 422)
Linker/Locator:  ArmLink.exe V5.06 update 4 (build 422)
Library Manager: ArmAr.exe V5.06 update 4 (build 422)
Hex Converter:   FromElf.exe V5.06 update 4 (build 422)
CPU DLL:         SARMCM3.DLL V5.23
Dialog DLL:      DCM.DLL V1.15.0.0
Target DLL:      UL2CM3.DLL V1.159.7.0
Dialog DLL:      TCM.DLL V1.27.0.0
 
<h2>Project:</h2>
D:\Independ_project\FreeRTOS_STM32F4VE\02_UART\USER\USART.uvprojx
Project File Date:  08/27/2023

<h2>Output:</h2>
*** Using Compiler 'V5.06 update 4 (build 422)', folder: 'D:\Applications\30_keil\ARM\ARMCC\Bin'
Rebuild target 'USART'
assembling startup_stm32f40_41xxx.s...
compiling main.c...
compiling stm32f4xx_it.c...
compiling led.c...
compiling beep.c...
compiling system_stm32f4xx.c...
compiling key.c...
compiling sys.c...
compiling misc.c...
compiling usart.c...
compiling stm32f4xx_gpio.c...
compiling delay.c...
compiling croutine.c...
compiling list.c...
compiling event_groups.c...
compiling heap_4.c...
compiling timers.c...
compiling stream_buffer.c...
compiling queue.c...
compiling tasks.c...
compiling stm32f4xx_rcc.c...
compiling stm32f4xx_syscfg.c...
compiling port.c...
compiling stm32f4xx_usart.c...
linking...
Program Size: Code=22052 RO-data=424 RW-data=172 ZI-data=78940  
FromELF: creating hex file...
"..\OBJ\USART.axf" - 0 Error(s), 0 Warning(s).

<h2>Collection of Component include folders:</h2>
  .\RTE\_USART
  D:\Applications\30_keil\ARM\PACK\Keil\STM32F4xx_DFP\2.13.0\Drivers\CMSIS\Device\ST\STM32F4xx\Include

<h2>Collection of Component Files used:</h2>
Build Time Elapsed:  00:00:01
</pre>
</body>
</html>
