Component: ARM Compiler 5.06 update 4 (build 422) Tool: armlink [4d35d2]

==============================================================================

Section Cross References

    main.o(.text) refers to _printf_percent.o(.ARM.Collect$$_printf_percent$$00000000) for _printf_percent
    main.o(.text) refers to _printf_s.o(.ARM.Collect$$_printf_percent$$00000014) for _printf_s
    main.o(.text) refers to _printf_str.o(.text) for _printf_str
    main.o(.text) refers to _printf_d.o(.ARM.Collect$$_printf_percent$$00000009) for _printf_d
    main.o(.text) refers to _printf_dec.o(.text) for _printf_int_dec
    main.o(.text) refers to port.o(.text) for vPortEnterCritical
    main.o(.text) refers to noretval__2printf.o(.text) for __2printf
    main.o(.text) refers to stm32f4xx_usart.o(.text) for USART_SendData
    main.o(.text) refers to delay.o(.text) for delay_ms
    main.o(.text) refers to stm32f4xx_gpio.o(.text) for GPIO_ResetBits
    main.o(.text) refers to tasks.o(.text) for xTaskCreate
    main.o(.text) refers to misc.o(.text) for NVIC_PriorityGroupConfig
    main.o(.text) refers to usart.o(.text) for uart_init
    main.o(.text) refers to led.o(.text) for LED_Init
    main.o(.text) refers to usart.o(.data) for USART_RX_STA
    main.o(.text) refers to usart.o(.bss) for USART_RX_BUF
    main.o(.text) refers to main.o(.data) for times
    system_stm32f4xx.o(.text) refers to system_stm32f4xx.o(.data) for SystemCoreClock
    led.o(.text) refers to stm32f4xx_rcc.o(.text) for RCC_AHB1PeriphClockCmd
    led.o(.text) refers to stm32f4xx_gpio.o(.text) for GPIO_Init
    beep.o(.text) refers to stm32f4xx_rcc.o(.text) for RCC_AHB1PeriphClockCmd
    beep.o(.text) refers to stm32f4xx_gpio.o(.text) for GPIO_Init
    key.o(.text) refers to stm32f4xx_rcc.o(.text) for RCC_AHB1PeriphClockCmd
    key.o(.text) refers to stm32f4xx_gpio.o(.text) for GPIO_Init
    key.o(.text) refers to delay.o(.text) for delay_ms
    key.o(.text) refers to key.o(.data) for key_up
    delay.o(.text) refers to misc.o(.text) for SysTick_CLKSourceConfig
    delay.o(.text) refers to delay.o(.data) for fac_us
    usart.o(.rev16_text) refers (Special) to use_no_semi_2.o(.text) for __use_no_semihosting
    usart.o(.revsh_text) refers (Special) to use_no_semi_2.o(.text) for __use_no_semihosting
    usart.o(.text) refers (Special) to use_no_semi_2.o(.text) for __use_no_semihosting
    usart.o(.text) refers to stm32f4xx_rcc.o(.text) for RCC_AHB1PeriphClockCmd
    usart.o(.text) refers to stm32f4xx_gpio.o(.text) for GPIO_PinAFConfig
    usart.o(.text) refers to stm32f4xx_usart.o(.text) for USART_Init
    usart.o(.text) refers to misc.o(.text) for NVIC_Init
    usart.o(.text) refers to usart.o(.data) for USART_RX_STA
    usart.o(.text) refers to usart.o(.bss) for USART_RX_BUF
    usart.o(.bss) refers (Special) to use_no_semi_2.o(.text) for __use_no_semihosting
    usart.o(.data) refers (Special) to use_no_semi_2.o(.text) for __use_no_semihosting
    startup_stm32f40_41xxx.o(STACK) refers (Special) to heapauxi.o(.text) for __use_two_region_memory
    startup_stm32f40_41xxx.o(HEAP) refers (Special) to heapauxi.o(.text) for __use_two_region_memory
    startup_stm32f40_41xxx.o(RESET) refers (Special) to heapauxi.o(.text) for __use_two_region_memory
    startup_stm32f40_41xxx.o(RESET) refers to startup_stm32f40_41xxx.o(STACK) for __initial_sp
    startup_stm32f40_41xxx.o(RESET) refers to startup_stm32f40_41xxx.o(.text) for Reset_Handler
    startup_stm32f40_41xxx.o(RESET) refers to stm32f4xx_it.o(.text) for NMI_Handler
    startup_stm32f40_41xxx.o(RESET) refers to port.o(.emb_text) for SVC_Handler
    startup_stm32f40_41xxx.o(RESET) refers to port.o(.text) for SysTick_Handler
    startup_stm32f40_41xxx.o(RESET) refers to usart.o(.text) for USART1_IRQHandler
    startup_stm32f40_41xxx.o(.text) refers (Special) to heapauxi.o(.text) for __use_two_region_memory
    startup_stm32f40_41xxx.o(.text) refers to system_stm32f4xx.o(.text) for SystemInit
    startup_stm32f40_41xxx.o(.text) refers to __main.o(!!!main) for __main
    startup_stm32f40_41xxx.o(.text) refers to startup_stm32f40_41xxx.o(HEAP) for Heap_Mem
    startup_stm32f40_41xxx.o(.text) refers to startup_stm32f40_41xxx.o(STACK) for Stack_Mem
    stm32f4xx_gpio.o(.text) refers to stm32f4xx_rcc.o(.text) for RCC_AHB1PeriphResetCmd
    stm32f4xx_rcc.o(.text) refers to stm32f4xx_rcc.o(.data) for APBAHBPrescTable
    stm32f4xx_syscfg.o(.text) refers to stm32f4xx_rcc.o(.text) for RCC_APB2PeriphResetCmd
    stm32f4xx_usart.o(.text) refers to stm32f4xx_rcc.o(.text) for RCC_APB2PeriphResetCmd
    event_groups.o(.text) refers to heap_4.o(.text) for pvPortMalloc
    event_groups.o(.text) refers to list.o(.text) for vListInitialise
    event_groups.o(.text) refers to tasks.o(.text) for vTaskSuspendAll
    event_groups.o(.text) refers to port.o(.text) for vPortEnterCritical
    queue.o(.text) refers to port.o(.text) for vPortEnterCritical
    queue.o(.text) refers to tasks.o(.text) for xTaskRemoveFromEventList
[...]
    ../clib/angel/handlers.s                 0x00000000   Number         0  __scatter_zi.o ABSOLUTE
    ../clib/angel/kernel.s                   0x00000000   Number         0  rtexit.o ABSOLUTE
    ../clib/angel/kernel.s                   0x00000000   Number         0  __rtentry2.o ABSOLUTE
    ../clib/angel/kernel.s                   0x00000000   Number         0  __rtentry4.o ABSOLUTE
    ../clib/angel/kernel.s                   0x00000000   Number         0  rtexit2.o ABSOLUTE
    ../clib/angel/kernel.s                   0x00000000   Number         0  __rtentry.o ABSOLUTE
    ../clib/angel/rt.s                       0x00000000   Number         0  rt_raise.o ABSOLUTE
    ../clib/angel/scatter.s                  0x00000000   Number         0  __scatter.o ABSOLUTE
    ../clib/angel/startup.s                  0x00000000   Number         0  __main.o ABSOLUTE
    ../clib/angel/sys.s                      0x00000000   Number         0  libspace.o ABSOLUTE
    ../clib/angel/sys.s                      0x00000000   Number         0  use_no_semi_2.o ABSOLUTE
    ../clib/angel/sys.s                      0x00000000   Number         0  sys_stackheap_outer.o ABSOLUTE
    ../clib/angel/sys.s                      0x00000000   Number         0  use_no_semi.o ABSOLUTE
    ../clib/angel/sys.s                      0x00000000   Number         0  indicate_semi.o ABSOLUTE
    ../clib/angel/sysapp.c                   0x00000000   Number         0  sys_command.o ABSOLUTE
    ../clib/angel/sysapp.c                   0x00000000   Number         0  sys_wrch.o ABSOLUTE
    ../clib/armsys.c                         0x00000000   Number         0  argv_veneer.o ABSOLUTE
    ../clib/armsys.c                         0x00000000   Number         0  argv_veneer.o ABSOLUTE
    ../clib/armsys.c                         0x00000000   Number         0  no_argv.o ABSOLUTE
    ../clib/armsys.c                         0x00000000   Number         0  _get_argv_nomalloc.o ABSOLUTE
    ../clib/heapalloc.c                      0x00000000   Number         0  hrguard.o ABSOLUTE
    ../clib/heapaux.c                        0x00000000   Number         0  heapauxi.o ABSOLUTE
    ../clib/libinit.s                        0x00000000   Number         0  libshutdown.o ABSOLUTE
    ../clib/libinit.s                        0x00000000   Number         0  libinit2.o ABSOLUTE
    ../clib/libinit.s                        0x00000000   Number         0  libinit.o ABSOLUTE
    ../clib/libinit.s                        0x00000000   Number         0  libshutdown2.o ABSOLUTE
    ../clib/memcpset.s                       0x00000000   Number         0  rt_memclr_w.o ABSOLUTE
    ../clib/memcpset.s                       0x00000000   Number         0  rt_memcpy_v6.o ABSOLUTE
    ../clib/memcpset.s                       0x00000000   Number         0  rt_memcpy_w.o ABSOLUTE
    ../clib/memcpset.s                       0x00000000   Number         0  aeabi_memset.o ABSOLUTE
    ../clib/memcpset.s                       0x00000000   Number         0  rt_memclr.o ABSOLUTE
    ../clib/memcpset.s                       0x00000000   Number         0  memset.o ABSOLUTE
    ../clib/printf.c                         0x00000000   Number         0  _printf_str.o ABSOLUTE
    ../clib/printf.c                         0x00000000   Number         0  _printf_dec.o ABSOLUTE
    ../clib/printf.c                         0x00000000   Number         0  __printf_flags.o ABSOLUTE
    ../clib/printf.c                         0x00000000   Number         0  __printf_ss.o ABSOLUTE
    ../clib/printf.c                         0x00000000   Number         0  __printf_flags_ss.o ABSOLUTE
    ../clib/printf.c                         0x00000000   Number         0  __printf_wp.o ABSOLUTE
    ../clib/printf.c                         0x00000000   Number         0  __printf_flags_wp.o ABSOLUTE
    ../clib/printf.c                         0x00000000   Number         0  __printf_ss_wp.o ABSOLUTE
    ../clib/printf.c                         0x00000000   Number         0  __printf_flags_ss_wp.o ABSOLUTE
    ../clib/printf.c                         0x00000000   Number         0  __printf_nopercent.o ABSOLUTE
    ../clib/printf.c                         0x00000000   Number         0  _printf_char_common.o ABSOLUTE
    ../clib/printf.c                         0x00000000   Number         0  __2printf.o ABSOLUTE
    ../clib/printf.c                         0x00000000   Number         0  noretval__2printf.o ABSOLUTE
    ../clib/printf.c                         0x00000000   Number         0  _printf_char_file.o ABSOLUTE
    ../clib/printf.c                         0x00000000   Number         0  _printf_char.o ABSOLUTE
    ../clib/printf.c                         0x00000000   Number         0  _printf_intcommon.o ABSOLUTE
    ../clib/printf.c                         0x00000000   Number         0  __printf.o ABSOLUTE
    ../clib/printf_percent.s                 0x00000000   Number         0  _printf_percent.o ABSOLUTE
    ../clib/printf_percent.s                 0x00000000   Number         0  _printf_d.o ABSOLUTE
    ../clib/printf_percent.s                 0x00000000   Number         0  _printf_percent_end.o ABSOLUTE
    ../clib/printf_percent.s                 0x00000000   Number         0  _printf_s.o ABSOLUTE
    ../clib/signal.c                         0x00000000   Number         0  defsig_rtmem_outer.o ABSOLUTE
    ../clib/signal.c                         0x00000000   Number         0  defsig_rtmem_formal.o ABSOLUTE
    ../clib/signal.c                         0x00000000   Number         0  defsig_exit.o ABSOLUTE
    ../clib/signal.c                         0x00000000   Number         0  defsig_rtmem_inner.o ABSOLUTE
    ../clib/signal.c                         0x00000000   Number         0  __raise.o ABSOLUTE
    ../clib/signal.c                         0x00000000   Number         0  defsig_abrt_inner.o ABSOLUTE
    ../clib/signal.c                         0x00000000   Number         0  defsig_fpe_inner.o ABSOLUTE
    ../clib/signal.c                         0x00000000   Number         0  defsig_rtred_inner.o ABSOLUTE
    ../clib/signal.c                         0x00000000   Number         0  defsig_stak_inner.o ABSOLUTE
    ../clib/signal.c                         0x00000000   Number         0  defsig_pvfn_inner.o ABSOLUTE
    ../clib/signal.c                         0x00000000   Number         0  defsig_cppl_inner.o ABSOLUTE
    ../clib/signal.c                         0x00000000   Number         0  defsig_segv_inner.o ABSOLUTE
    ../clib/signal.c                         0x00000000   Number         0  defsig_other.o ABSOLUTE
    ../clib/signal.c                         0x00000000   Number         0  defsig_general.o ABSOLUTE
    ../clib/signal.s                         0x00000000   Number         0  defsig.o ABSOLUTE
    ../clib/stdio.c                          0x00000000   Number         0  ferror_locked.o ABSOLUTE
    ../clib/stdio.c                          0x00000000   Number         0  ferror.o ABSOLUTE
    ../clib/stdlib.c                         0x00000000   Number         0  exit.o ABSOLUTE
    ../fplib/fpinit.s                        0x00000000   Number         0  fpinit.o ABSOLUTE
    ..\CORE\startup_stm32f40_41xxx.s         0x00000000   Number         0  startup_stm32f40_41xxx.o ABSOLUTE
    ..\FWLIB\src\misc.c                      0x00000000   Number         0  misc.o ABSOLUTE
    ..\FWLIB\src\stm32f4xx_gpio.c            0x00000000   Number         0  stm32f4xx_gpio.o ABSOLUTE
    ..\FWLIB\src\stm32f4xx_rcc.c             0x00000000   Number         0  stm32f4xx_rcc.o ABSOLUTE
    ..\FWLIB\src\stm32f4xx_syscfg.c          0x00000000   Number         0  stm32f4xx_syscfg.o ABSOLUTE
    ..\FWLIB\src\stm32f4xx_usart.c           0x00000000   Number         0  stm32f4xx_usart.o ABSOLUTE
    ..\FreeRTOS\croutine.c                   0x00000000   Number         0  croutine.o ABSOLUTE
    ..\FreeRTOS\event_groups.c               0x00000000   Number         0  event_groups.o ABSOLUTE
    ..\FreeRTOS\list.c                       0x00000000   Number         0  list.o ABSOLUTE
    ..\FreeRTOS\portable\MemMang\heap_4.c    0x00000000   Number         0  heap_4.o ABSOLUTE
    ..\FreeRTOS\portable\RVDS\ARM_CM4F\port.c 0x00000000   Number         0  port.o ABSOLUTE
    ..\FreeRTOS\queue.c                      0x00000000   Number         0  queue.o ABSOLUTE
    ..\FreeRTOS\stream_buffer.c              0x00000000   Number         0  stream_buffer.o ABSOLUTE
    ..\FreeRTOS\tasks.c                      0x00000000   Number         0  tasks.o ABSOLUTE
    ..\FreeRTOS\timers.c                     0x00000000   Number         0  timers.o ABSOLUTE
    ..\HARDWARE\BEEP\beep.c                  0x00000000   Number         0  beep.o ABSOLUTE
    ..\HARDWARE\KEY\key.c                    0x00000000   Number         0  key.o ABSOLUTE
    ..\HARDWARE\LED\led.c                    0x00000000   Number         0  led.o ABSOLUTE
    ..\SYSTEM\delay\delay.c                  0x00000000   Number         0  delay.o ABSOLUTE
    ..\SYSTEM\sys\sys.c                      0x00000000   Number         0  sys.o ABSOLUTE
    ..\SYSTEM\usart\usart.c                  0x00000000   Number         0  usart.o ABSOLUTE
    ..\\FWLIB\\src\\misc.c                   0x00000000   Number         0  misc.o ABSOLUTE
    ..\\FWLIB\\src\\stm32f4xx_gpio.c         0x00000000   Number         0  stm32f4xx_gpio.o ABSOLUTE
    ..\\FWLIB\\src\\stm32f4xx_rcc.c          0x00000000   Number         0  stm32f4xx_rcc.o ABSOLUTE
    ..\\FWLIB\\src\\stm32f4xx_syscfg.c       0x00000000   Number         0  stm32f4xx_syscfg.o ABSOLUTE
    ..\\FWLIB\\src\\stm32f4xx_usart.c        0x00000000   Number         0  stm32f4xx_usart.o ABSOLUTE
    ..\\FreeRTOS\\portable\\RVDS\\ARM_CM4F\\port.c 0x00000000   Number         0  port.o ABSOLUTE
    ..\\HARDWARE\\BEEP\\beep.c               0x00000000   Number         0  beep.o ABSOLUTE
    ..\\HARDWARE\\KEY\\key.c                 0x00000000   Number         0  key.o ABSOLUTE
    ..\\HARDWARE\\LED\\led.c                 0x00000000   Number         0  led.o ABSOLUTE
    ..\\SYSTEM\\delay\\delay.c               0x00000000   Number         0  delay.o ABSOLUTE
    ..\\SYSTEM\\sys\\sys.c                   0x00000000   Number         0  sys.o ABSOLUTE
    ..\\SYSTEM\\usart\\usart.c               0x00000000   Number         0  usart.o ABSOLUTE
    dc.s                                     0x00000000   Number         0  dc.o ABSOLUTE
    main.c                                   0x00000000   Number         0  main.o ABSOLUTE
    main.c                                   0x00000000   Number         0  main.o ABSOLUTE
    stm32f4xx_it.c                           0x00000000   Number         0  stm32f4xx_it.o ABSOLUTE
    stm32f4xx_it.c                           0x00000000   Number         0  stm32f4xx_it.o ABSOLUTE
    system_stm32f4xx.c                       0x00000000   Number         0  system_stm32f4xx.o ABSOLUTE
    system_stm32f4xx.c                       0x00000000   Number         0  system_stm32f4xx.o ABSOLUTE
    RESET                                    0x08000000   Section      392  startup_stm32f40_41xxx.o(RESET)
    !!!main                                  0x08000188   Section        8  __main.o(!!!main)
    !!!scatter                               0x08000190   Section       52  __scatter.o(!!!scatter)
    !!handler_copy                           0x080001c4   Section       26  __scatter_copy.o(!!handler_copy)
    !!handler_zi                             0x080001e0   Section       28  __scatter_zi.o(!!handler_zi)
    .ARM.Collect$$_printf_percent$$00000000  0x080001fc   Section        0  _printf_percent.o(.ARM.Collect$$_printf_percent$$00000000)
    .ARM.Collect$$_printf_percent$$00000009  0x080001fc   Section        6  _printf_d.o(.ARM.Collect$$_printf_percent$$00000009)
    .ARM.Collect$$_printf_percent$$00000014  0x08000202   Section        6  _printf_s.o(.ARM.Collect$$_printf_percent$$00000014)
    .ARM.Collect$$_printf_percent$$00000017  0x08000208   Section        4  _printf_percent_end.o(.ARM.Collect$$_printf_percent$$00000017)
    .ARM.Collect$$libinit$$00000000          0x0800020c   Section        2  libinit.o(.ARM.Collect$$libinit$$00000000)
    .ARM.Collect$$libinit$$00000001          0x0800020e   Section        4  libinit2.o(.ARM.Collect$$libinit$$00000001)
    .ARM.Collect$$libinit$$00000004          0x08000212   Section        0  libinit2.o(.ARM.Collect$$libinit$$00000004)
    .ARM.Collect$$libinit$$0000000A          0x08000212   Section        0  libinit2.o(.ARM.Collect$$libinit$$0000000A)
    .ARM.Collect$$libinit$$0000000C          0x08000212   Section        0  libinit2.o(.ARM.Collect$$libinit$$0000000C)
    .ARM.Collect$$libinit$$0000000E          0x08000212   Section        0  libinit2.o(.ARM.Collect$$libinit$$0000000E)
    .ARM.Collect$$libinit$$00000011          0x08000212   Section        0  libinit2.o(.ARM.Collect$$libinit$$00000011)
    .ARM.Collect$$libinit$$00000013          0x08000212   Section        0  libinit2.o(.ARM.Collect$$libinit$$00000013)
    .ARM.Collect$$libinit$$00000015          0x08000212   Section        0  libinit2.o(.ARM.Collect$$libinit$$00000015)
    .ARM.Collect$$libinit$$00000017          0x08000212   Section        0  libinit2.o(.ARM.Collect$$libinit$$00000017)
    .ARM.Collect$$libinit$$00000019          0x08000212   Section        0  libinit2.o(.ARM.Collect$$libinit$$00000019)
    .ARM.Collect$$libinit$$0000001B          0x08000212   Section        0  libinit2.o(.ARM.Collect$$libinit$$0000001B)
    .ARM.Collect$$libinit$$0000001D          0x08000212   Section        0  libinit2.o(.ARM.Collect$$libinit$$0000001D)
    .ARM.Collect$$libinit$$0000001F          0x08000212   Section        0  libinit2.o(.ARM.Collect$$libinit$$0000001F)
    .ARM.Collect$$libinit$$00000021          0x08000212   Section        0  libinit2.o(.ARM.Collect$$libinit$$00000021)
    .ARM.Collect$$libinit$$00000023          0x08000212   Section        0  libinit2.o(.ARM.Collect$$libinit$$00000023)
    .ARM.Collect$$libinit$$00000025          0x08000212   Section        0  libinit2.o(.ARM.Collect$$libinit$$00000025)
    .ARM.Collect$$libinit$$0000002C          0x08000212   Section        0  libinit2.o(.ARM.Collect$$libinit$$0000002C)
    .ARM.Collect$$libinit$$0000002E          0x08000212   Section        0  libinit2.o(.ARM.Collect$$libinit$$0000002E)
    .ARM.Collect$$libinit$$00000030          0x08000212   Section        0  libinit2.o(.ARM.Collect$$libinit$$00000030)
    .ARM.Collect$$libinit$$00000032          0x08000212   Section        0  libinit2.o(.ARM.Collect$$libinit$$00000032)
    .ARM.Collect$$libinit$$00000033          0x08000212   Section        2  libinit2.o(.ARM.Collect$$libinit$$00000033)
    .ARM.Collect$$libshutdown$$00000000      0x08000214   Section        2  libshutdown.o(.ARM.Collect$$libshutdown$$00000000)
    .ARM.Collect$$libshutdown$$00000002      0x08000216   Section        0  libshutdown2.o(.ARM.Collect$$libshutdown$$00000002)
    .ARM.Collect$$libshutdown$$00000004      0x08000216   Section        0  libshutdown2.o(.ARM.Collect$$libshutdown$$00000004)
    .ARM.Collect$$libshutdown$$00000007      0x08000216   Section        0  libshutdown2.o(.ARM.Collect$$libshutdown$$00000007)
    .ARM.Collect$$libshutdown$$0000000A      0x08000216   Section        0  libshutdown2.o(.ARM.Collect$$libshutdown$$0000000A)
    .ARM.Collect$$libshutdown$$0000000C      0x08000216   Section        0  libshutdown2.o(.ARM.Collect$$libshutdown$$0000000C)
    .ARM.Collect$$libshutdown$$0000000F      0x08000216   Section        0  libshutdown2.o(.ARM.Collect$$libshutdown$$0000000F)
    .ARM.Collect$$libshutdown$$00000010      0x08000216   Section        2  libshutdown2.o(.ARM.Collect$$libshutdown$$00000010)
    .ARM.Collect$$rtentry$$00000000          0x08000218   Section        0  __rtentry.o(.ARM.Collect$$rtentry$$00000000)
    .ARM.Collect$$rtentry$$00000002          0x08000218   Section        0  __rtentry2.o(.ARM.Collect$$rtentry$$00000002)
    .ARM.Collect$$rtentry$$00000004          0x08000218   Section        6  __rtentry4.o(.ARM.Collect$$rtentry$$00000004)
    .ARM.Collect$$rtentry$$00000009          0x0800021e   Section        0  __rtentry2.o(.ARM.Collect$$rtentry$$00000009)
    .ARM.Collect$$rtentry$$0000000A          0x0800021e   Section        4  __rtentry2.o(.ARM.Collect$$rtentry$$0000000A)
    .ARM.Collect$$rtentry$$0000000C          0x08000222   Section        0  __rtentry2.o(.ARM.Collect$$rtentry$$0000000C)
    .ARM.Collect$$rtentry$$0000000D          0x08000222   Section        8  __rtentry2.o(.ARM.Collect$$rtentry$$0000000D)
    .ARM.Collect$$rtexit$$00000000           0x0800022a   Section        2  rtexit.o(.ARM.Collect$$rtexit$$00000000)
    .ARM.Collect$$rtexit$$00000002           0x0800022c   Section        0  rtexit2.o(.ARM.Collect$$rtexit$$00000002)
    .ARM.Collect$$rtexit$$00000003           0x0800022c   Section        4  rtexit2.o(.ARM.Collect$$rtexit$$00000003)
    .ARM.Collect$$rtexit$$00000004           0x08000230   Section        6  rtexit2.o(.ARM.Collect$$rtexit$$00000004)
    .emb_text                                0x08000238   Section      190  port.o(.emb_text)
    $v0                                      0x08000238   Number         0  port.o(.emb_text)
    .text                                    0x080002f8   Section        0  main.o(.text)
    .text                                    0x080004c4   Section        0  stm32f4xx_it.o(.text)
    .text                                    0x080004d8   Section        0  system_stm32f4xx.o(.text)
    SetSysClock                              0x080004d9   Thumb Code   220  system_stm32f4xx.o(.text)
    .text                                    0x080006e8   Section        0  led.o(.text)
    .text                                    0x08000724   Section        0  delay.o(.text)
    .text                                    0x08000828   Section        0  usart.o(.text)
    .text                                    0x08000978   Section       64  startup_stm32f40_41xxx.o(.text)
    $v0                                      0x08000978   Number         0  startup_stm32f40_41xxx.o(.text)
    .text                                    0x080009b8   Section        0  misc.o(.text)
    .text                                    0x08000a98   Section        0  stm32f4xx_gpio.o(.text)
    .text                                    0x08000d2c   Section        0  stm32f4xx_rcc.o(.text)
    .text                                    0x08001388   Section        0  stm32f4xx_usart.o(.text)
    .text                                    0x080017dc   Section        0  list.o(.text)
    .text                                    0x08001870   Section        0  queue.o(.text)
    prvInitialiseNewQueue                    0x08001947   Thumb Code    42  queue.o(.text)
    prvUnlockQueue                           0x080019d7   Thumb Code   126  queue.o(.text)
    prvIsQueueFull                           0x08001a55   Thumb Code    30  queue.o(.text)
    prvCopyDataToQueue                       0x08001a73   Thumb Code   126  queue.o(.text)
    prvInitialiseMutex                       0x08001c95   Thumb Code    30  queue.o(.text)
    prvGetDisinheritPriorityAfterTimeout     0x08001d21   Thumb Code    20  queue.o(.text)
    prvIsQueueEmpty                          0x08001d35   Thumb Code    26  queue.o(.text)
    prvCopyDataFromQueue                     0x0800219f   Thumb Code    42  queue.o(.text)
    .text                                    0x0800288c   Section        0  tasks.o(.text)
    prvInitialiseTaskLists                   0x0800288d   Thumb Code    70  tasks.o(.text)
    prvAddNewTaskToReadyList                 0x080028d3   Thumb Code   206  tasks.o(.text)
    prvInitialiseNewTask                     0x080029a1   Thumb Code   204  tasks.o(.text)
    prvDeleteTCB                             0x08002ad5   Thumb Code    18  tasks.o(.text)
    prvResetNextTaskUnblockTime              0x08002ae7   Thumb Code    40  tasks.o(.text)
    prvAddCurrentTaskToDelayedList           0x08002f0f   Thumb Code   164  tasks.o(.text)
    prvTaskIsTaskSuspended                   0x0800348d   Thumb Code    80  tasks.o(.text)
    prvCheckTasksWaitingTermination          0x080036a3   Thumb Code    60  tasks.o(.text)
    prvIdleTask                              0x080036df   Thumb Code    32  tasks.o(.text)
    prvTaskCheckFreeStackSpace               0x080037e1   Thumb Code    22  tasks.o(.text)
    prvListTasksWithinSingleList             0x08003875   Thumb Code   106  tasks.o(.text)
    .text                                    0x080048dc   Section        0  timers.o(.text)
    prvInsertTimerInActiveList               0x080048dd   Thumb Code    80  timers.o(.text)
    prvReloadTimer                           0x0800492d   Thumb Code    40  timers.o(.text)
    prvProcessExpiredTimer                   0x08004955   Thumb Code    62  timers.o(.text)
    prvSwitchTimerLists                      0x08004993   Thumb Code    58  timers.o(.text)
    prvSampleTimeNow                         0x080049cd   Thumb Code    40  timers.o(.text)
    prvProcessReceivedCommands               0x080049f5   Thumb Code   280  timers.o(.text)
    prvProcessTimerOrBlockTask               0x08004b0d   Thumb Code   102  timers.o(.text)
    prvGetNextExpireTime                     0x08004b73   Thumb Code    36  timers.o(.text)
    prvTimerTask                             0x08004b97   Thumb Code    26  timers.o(.text)
    prvCheckForValidListAndQueue             0x08004bb1   Thumb Code    72  timers.o(.text)
    prvInitialiseNewTimer                    0x08004c3b   Thumb Code    88  timers.o(.text)
    .text                                    0x08004f38   Section        0  heap_4.o(.text)
    prvInsertBlockIntoFreeList               0x08004f39   Thumb Code    96  heap_4.o(.text)
    prvHeapInit                              0x08004f99   Thumb Code    90  heap_4.o(.text)
    .text                                    0x08005258   Section        0  port.o(.text)
    prvTaskExitError                         0x08005259   Thumb Code    60  port.o(.text)
    .text                                    0x08005598   Section        2  use_no_semi_2.o(.text)
    .text                                    0x0800559c   Section        0  noretval__2printf.o(.text)
    .text                                    0x080055b4   Section        0  __printf.o(.text)
    .text                                    0x0800561c   Section        0  _printf_str.o(.text)
    .text                                    0x08005670   Section        0  _printf_dec.o(.text)
    .text                                    0x080056e8   Section      138  rt_memcpy_v6.o(.text)
    .text                                    0x08005772   Section       16  aeabi_memset.o(.text)
    .text                                    0x08005782   Section       68  rt_memclr.o(.text)
    .text                                    0x080057c6   Section       78  rt_memclr_w.o(.text)
    .text                                    0x08005814   Section        0  heapauxi.o(.text)
    .text                                    0x0800581a   Section        2  use_no_semi.o(.text)
    .text                                    0x0800581c   Section        0  _printf_intcommon.o(.text)
    .text                                    0x080058ce   Section        0  _printf_char.o(.text)
    .text                                    0x080058fc   Section        0  _printf_char_file.o(.text)
    .text                                    0x08005920   Section      100  rt_memcpy_w.o(.text)
    .text                                    0x08005984   Section        0  _printf_char_common.o(.text)
    _printf_input_char                       0x08005985   Thumb Code    10  _printf_char_common.o(.text)
    .text                                    0x080059b4   Section        0  ferror.o(.text)
    .text                                    0x080059bc   Section       74  sys_stackheap_outer.o(.text)
    .text                                    0x08005a06   Section        0  exit.o(.text)
    .text                                    0x08005a18   Section        8  libspace.o(.text)
    x$fpl$fpinit                             0x08005a20   Section       10  fpinit.o(x$fpl$fpinit)
    $v0                                      0x08005a20   Number         0  fpinit.o(x$fpl$fpinit)
    .data                                    0x20000000   Section       18  main.o(.data)
    chip                                     0x2000000c   Data           4  main.o(.data)
    times                                    0x20000010   Data           2  main.o(.data)
    .data                                    0x20000014   Section       20  system_stm32f4xx.o(.data)
    .data                                    0x20000028   Section        4  delay.o(.data)
    fac_us                                   0x20000028   Data           1  delay.o(.data)
    fac_ms                                   0x2000002a   Data           2  delay.o(.data)
    .data                                    0x2000002c   Section        6  usart.o(.data)
    .data                                    0x20000032   Section       16  stm32f4xx_rcc.o(.data)
    APBAHBPrescTable                         0x20000032   Data          16  stm32f4xx_rcc.o(.data)
    .data                                    0x20000044   Section       64  tasks.o(.data)
    pxDelayedTaskList                        0x20000048   Data           4  tasks.o(.data)
    pxOverflowDelayedTaskList                0x2000004c   Data           4  tasks.o(.data)
    uxDeletedTasksWaitingCleanUp             0x20000050   Data           4  tasks.o(.data)
    uxCurrentNumberOfTasks                   0x20000054   Data           4  tasks.o(.data)
    xTickCount                               0x20000058   Data           4  tasks.o(.data)
    uxTopReadyPriority                       0x2000005c   Data           4  tasks.o(.data)
    xSchedulerRunning                        0x20000060   Data           4  tasks.o(.data)
    xPendedTicks                             0x20000064   Data           4  tasks.o(.data)
    xYieldPending                            0x20000068   Data           4  tasks.o(.data)
    xNumOfOverflows                          0x2000006c   Data           4  tasks.o(.data)
    uxTaskNumber                             0x20000070   Data           4  tasks.o(.data)
    xNextTaskUnblockTime                     0x20000074   Data           4  tasks.o(.data)
    xIdleTaskHandle                          0x20000078   Data           4  tasks.o(.data)
    uxSchedulerSuspended                     0x20000080   Data           4  tasks.o(.data)
    .data                                    0x20000084   Section       20  timers.o(.data)
    pxCurrentTimerList                       0x20000084   Data           4  timers.o(.data)
    pxOverflowTimerList                      0x20000088   Data           4  timers.o(.data)
    xTimerQueue                              0x2000008c   Data           4  timers.o(.data)
    xTimerTaskHandle                         0x20000090   Data           4  timers.o(.data)
    xLastTime                                0x20000094   Data           4  timers.o(.data)
    .data                                    0x20000098   Section       28  heap_4.o(.data)
    xStart                                   0x20000098   Data           8  heap_4.o(.data)
    pxEnd                                    0x200000a0   Data           4  heap_4.o(.data)
    xFreeBytesRemaining                      0x200000a4   Data           4  heap_4.o(.data)
    xMinimumEverFreeBytesRemaining           0x200000a8   Data           4  heap_4.o(.data)
    xNumberOfSuccessfulAllocations           0x200000ac   Data           4  heap_4.o(.data)
    xNumberOfSuccessfulFrees                 0x200000b0   Data           4  heap_4.o(.data)
    .data                                    0x200000b4   Section       12  port.o(.data)
    uxCriticalNesting                        0x200000b4   Data           4  port.o(.data)
    ucMaxSysCallPriority                     0x200000b8   Data           1  port.o(.data)
    ulMaxPRIGROUPValue                       0x200000bc   Data           4  port.o(.data)
    .bss                                     0x200000c0   Section      200  usart.o(.bss)
    .bss                                     0x20000188   Section       64  queue.o(.bss)
    .bss                                     0x200001c8   Section      200  tasks.o(.bss)
    pxReadyTasksLists                        0x200001c8   Data         100  tasks.o(.bss)
    xDelayedTaskList1                        0x2000022c   Data          20  tasks.o(.bss)
    xDelayedTaskList2                        0x20000240   Data          20  tasks.o(.bss)
    xPendingReadyList                        0x20000254   Data          20  tasks.o(.bss)
    xTasksWaitingTermination                 0x20000268   Data          20  tasks.o(.bss)
    xSuspendedTaskList                       0x2000027c   Data          20  tasks.o(.bss)
    .bss                                     0x20000290   Section       40  timers.o(.bss)
    xActiveTimerList1                        0x20000290   Data          20  timers.o(.bss)
    xActiveTimerList2                        0x200002a4   Data          20  timers.o(.bss)
    .bss                                     0x200002b8   Section    76800  heap_4.o(.bss)
    ucHeap                                   0x200002b8   Data       76800  heap_4.o(.bss)
    .bss                                     0x20012eb8   Section       96  libspace.o(.bss)
    HEAP                                     0x20012f18   Section      512  startup_stm32f40_41xxx.o(HEAP)
    Heap_Mem                                 0x20012f18   Data         512  startup_stm32f40_41xxx.o(HEAP)
    STACK                                    0x20013118   Section     1024  startup_stm32f40_41xxx.o(STACK)
    Stack_Mem                                0x20013118   Data        1024  startup_stm32f40_41xxx.o(STACK)
    __initial_sp                             0x20013518   Data           0  startup_stm32f40_41xxx.o(STACK)

    Global Symbols

    Symbol Name                              Value     Ov Type        Size  Object(Section)

    BuildAttributes$$THM_ISAv4$E$P$D$K$B$S$7EM$VFPi3$EXTD16$VFPS$VFMA$PE$A:L22UL41UL21$X:L11$S22US41US21$IEEE1$IW$USESV6$~STKCKD$USESV7$~SHL$OSPACE$ROPI$EBA8$UX$STANDARDLIB$REQ8$PRES8$EABIv2 0x00000000   Number         0  anon$$obj.o ABSOLUTE
    __ARM_use_no_argv                        0x00000000   Number         0  main.o ABSOLUTE
    __ARM_exceptions_init                     - Undefined Weak Reference
    __alloca_initialize                       - Undefined Weak Reference
    __arm_preinit_                            - Undefined Weak Reference
    __cpp_initialize__aeabi_                  - Undefined Weak Reference
    __cxa_finalize                            - Undefined Weak Reference
    __rt_locale                               - Undefined Weak Reference
    __sigvec_lookup                           - Undefined Weak Reference
    _atexit_init                              - Undefined Weak Reference
    _call_atexit_fns                          - Undefined Weak Reference
    _clock_init                               - Undefined Weak Reference
    _fp_trap_init                             - Undefined Weak Reference
    _fp_trap_shutdown                         - Undefined Weak Reference
    _get_lc_collate                           - Undefined Weak Reference
    _get_lc_ctype                             - Undefined Weak Reference
    _get_lc_monetary                          - Undefined Weak Reference
    _get_lc_numeric                           - Undefined Weak Reference
    _get_lc_time                              - Undefined Weak Reference
    _getenv_init                              - Undefined Weak Reference
    _handle_redirection                       - Undefined Weak Reference
    _init_alloc                               - Undefined Weak Reference
    _init_user_alloc                          - Undefined Weak Reference
    _initio                                   - Undefined Weak Reference
    _mutex_acquire                            - Undefined Weak Reference
    _mutex_release                            - Undefined Weak Reference
    _printf_mbtowc                            - Undefined Weak Reference
    _printf_post_padding                      - Undefined Weak Reference
    _printf_pre_padding                       - Undefined Weak Reference
    _printf_truncate_signed                   - Undefined Weak Reference
    _printf_truncate_unsigned                 - Undefined Weak Reference
    _rand_init                                - Undefined Weak Reference
    _signal_finish                            - Undefined Weak Reference
    _signal_init                              - Undefined Weak Reference
    _terminate_alloc                          - Undefined Weak Reference
    _terminate_user_alloc                     - Undefined Weak Reference
    _terminateio                              - Undefined Weak Reference
    __Vectors_Size                           0x00000188   Number         0  startup_stm32f40_41xxx.o ABSOLUTE
    __Vectors                                0x08000000   Data           4  startup_stm32f40_41xxx.o(RESET)
    __Vectors_End                            0x08000188   Data           0  startup_stm32f40_41xxx.o(RESET)
    __main                                   0x08000189   Thumb Code     8  __main.o(!!!main)
    __scatterload                            0x08000191   Thumb Code     0  __scatter.o(!!!scatter)
    __scatterload_rt2                        0x08000191   Thumb Code    44  __scatter.o(!!!scatter)
    __scatterload_rt2_thumb_only             0x08000191   Thumb Code     0  __scatter.o(!!!scatter)
    __scatterload_null                       0x0800019f   Thumb Code     0  __scatter.o(!!!scatter)
    __scatterload_copy                       0x080001c5   Thumb Code    26  __scatter_copy.o(!!handler_copy)
    __scatterload_zeroinit                   0x080001e1   Thumb Code    28  __scatter_zi.o(!!handler_zi)
    _printf_d                                0x080001fd   Thumb Code     0  _printf_d.o(.ARM.Collect$$_printf_percent$$00000009)
    _printf_percent                          0x080001fd   Thumb Code     0  _printf_percent.o(.ARM.Collect$$_printf_percent$$00000000)
    _printf_s                                0x08000203   Thumb Code     0  _printf_s.o(.ARM.Collect$$_printf_percent$$00000014)
    _printf_percent_end                      0x08000209   Thumb Code     0  _printf_percent_end.o(.ARM.Collect$$_printf_percent$$00000017)
    __rt_lib_init                            0x0800020d   Thumb Code     0  libinit.o(.ARM.Collect$$libinit$$00000000)
    __rt_lib_init_fp_1                       0x0800020f   Thumb Code     0  libinit2.o(.ARM.Collect$$libinit$$00000001)
    __rt_lib_init_alloca_1                   0x08000213   Thumb Code     0  libinit2.o(.ARM.Collect$$libinit$$0000002E)
    __rt_lib_init_argv_1                     0x08000213   Thumb Code     0  libinit2.o(.ARM.Collect$$libinit$$0000002C)
    __rt_lib_init_atexit_1                   0x08000213   Thumb Code     0  libinit2.o(.ARM.Collect$$libinit$$0000001B)
    __rt_lib_init_clock_1                    0x08000213   Thumb Code     0  libinit2.o(.ARM.Collect$$libinit$$00000021)
    __rt_lib_init_cpp_1                      0x08000213   Thumb Code     0  libinit2.o(.ARM.Collect$$libinit$$00000032)
    __rt_lib_init_exceptions_1               0x08000213   Thumb Code     0  libinit2.o(.ARM.Collect$$libinit$$00000030)
    __rt_lib_init_fp_trap_1                  0x08000213   Thumb Code     0  libinit2.o(.ARM.Collect$$libinit$$0000001F)
    __rt_lib_init_getenv_1                   0x08000213   Thumb Code     0  libinit2.o(.ARM.Collect$$libinit$$00000023)
    __rt_lib_init_heap_1                     0x08000213   Thumb Code     0  libinit2.o(.ARM.Collect$$libinit$$0000000A)
    __rt_lib_init_lc_collate_1               0x08000213   Thumb Code     0  libinit2.o(.ARM.Collect$$libinit$$00000011)
    __rt_lib_init_lc_ctype_1                 0x08000213   Thumb Code     0  libinit2.o(.ARM.Collect$$libinit$$00000013)
    __rt_lib_init_lc_monetary_1              0x08000213   Thumb Code     0  libinit2.o(.ARM.Collect$$libinit$$00000015)
    __rt_lib_init_lc_numeric_1               0x08000213   Thumb Code     0  libinit2.o(.ARM.Collect$$libinit$$00000017)
    __rt_lib_init_lc_time_1                  0x08000213   Thumb Code     0  libinit2.o(.ARM.Collect$$libinit$$00000019)
    __rt_lib_init_preinit_1                  0x08000213   Thumb Code     0  libinit2.o(.ARM.Collect$$libinit$$00000004)
    __rt_lib_init_rand_1                     0x08000213   Thumb Code     0  libinit2.o(.ARM.Collect$$libinit$$0000000E)
    __rt_lib_init_return                     0x08000213   Thumb Code     0  libinit2.o(.ARM.Collect$$libinit$$00000033)
    __rt_lib_init_signal_1                   0x08000213   Thumb Code     0  libinit2.o(.ARM.Collect$$libinit$$0000001D)
    __rt_lib_init_stdio_1                    0x08000213   Thumb Code     0  libinit2.o(.ARM.Collect$$libinit$$00000025)
    __rt_lib_init_user_alloc_1               0x08000213   Thumb Code     0  libinit2.o(.ARM.Collect$$libinit$$0000000C)
    __rt_lib_shutdown                        0x08000215   Thumb Code     0  libshutdown.o(.ARM.Collect$$libshutdown$$00000000)
    __rt_lib_shutdown_cpp_1                  0x08000217   Thumb Code     0  libshutdown2.o(.ARM.Collect$$libshutdown$$00000002)
    __rt_lib_shutdown_fp_trap_1              0x08000217   Thumb Code     0  libshutdown2.o(.ARM.Collect$$libshutdown$$00000007)
    __rt_lib_shutdown_heap_1                 0x08000217   Thumb Code     0  libshutdown2.o(.ARM.Collect$$libshutdown$$0000000F)
    __rt_lib_shutdown_return                 0x08000217   Thumb Code     0  libshutdown2.o(.ARM.Collect$$libshutdown$$00000010)
    __rt_lib_shutdown_signal_1               0x08000217   Thumb Code     0  libshutdown2.o(.ARM.Collect$$libshutdown$$0000000A)
    __rt_lib_shutdown_stdio_1                0x08000217   Thumb Code     0  libshutdown2.o(.ARM.Collect$$libshutdown$$00000004)
    __rt_lib_shutdown_user_alloc_1           0x08000217   Thumb Code     0  libshutdown2.o(.ARM.Collect$$libshutdown$$0000000C)
    __rt_entry                               0x08000219   Thumb Code     0  __rtentry.o(.ARM.Collect$$rtentry$$00000000)
    __rt_entry_presh_1                       0x08000219   Thumb Code     0  __rtentry2.o(.ARM.Collect$$rtentry$$00000002)
    __rt_entry_sh                            0x08000219   Thumb Code     0  __rtentry4.o(.ARM.Collect$$rtentry$$00000004)
    __rt_entry_li                            0x0800021f   Thumb Code     0  __rtentry2.o(.ARM.Collect$$rtentry$$0000000A)
    __rt_entry_postsh_1                      0x0800021f   Thumb Code     0  __rtentry2.o(.ARM.Collect$$rtentry$$00000009)
    __rt_entry_main                          0x08000223   Thumb Code     0  __rtentry2.o(.ARM.Collect$$rtentry$$0000000D)
    __rt_entry_postli_1                      0x08000223   Thumb Code     0  __rtentry2.o(.ARM.Collect$$rtentry$$0000000C)
    __rt_exit                                0x0800022b   Thumb Code     0  rtexit.o(.ARM.Collect$$rtexit$$00000000)
    __rt_exit_ls                             0x0800022d   Thumb Code     0  rtexit2.o(.ARM.Collect$$rtexit$$00000003)
    __rt_exit_prels_1                        0x0800022d   Thumb Code     0  rtexit2.o(.ARM.Collect$$rtexit$$00000002)
    __rt_exit_exit                           0x08000231   Thumb Code     0  rtexit2.o(.ARM.Collect$$rtexit$$00000004)
    SVC_Handler                              0x08000239   Thumb Code    28  port.o(.emb_text)
    __asm___6_port_c_39a90d8d__prvStartFirstTask 0x08000259   Thumb Code    36  port.o(.emb_text)
    __asm___6_port_c_39a90d8d__prvEnableVFP  0x08000281   Thumb Code    16  port.o(.emb_text)
    PendSV_Handler                           0x08000295   Thumb Code    88  port.o(.emb_text)
    vPortGetIPSR                             0x080002f1   Thumb Code     6  port.o(.emb_text)
    vPrintString                             0x080002f9   Thumb Code    22  main.o(.text)
    task_0                                   0x0800030f   Thumb Code   116  main.o(.text)
    task_1                                   0x08000383   Thumb Code    62  main.o(.text)
    task_init                                0x080003c1   Thumb Code    66  main.o(.text)
    main                                     0x08000403   Thumb Code    58  main.o(.text)
    NMI_Handler                              0x080004c5   Thumb Code     2  stm32f4xx_it.o(.text)
    HardFault_Handler                        0x080004c7   Thumb Code     4  stm32f4xx_it.o(.text)
    MemManage_Handler                        0x080004cb   Thumb Code     4  stm32f4xx_it.o(.text)
    BusFault_Handler                         0x080004cf   Thumb Code     4  stm32f4xx_it.o(.text)
    UsageFault_Handler                       0x080004d3   Thumb Code     4  stm32f4xx_it.o(.text)
    DebugMon_Handler                         0x080004d7   Thumb Code     2  stm32f4xx_it.o(.text)
    SystemInit                               0x080005b5   Thumb Code    88  system_stm32f4xx.o(.text)
    SystemCoreClockUpdate                    0x0800060d   Thumb Code   174  system_stm32f4xx.o(.text)
    LED_Init                                 0x080006e9   Thumb Code    56  led.o(.text)
    delay_init                               0x08000725   Thumb Code    52  delay.o(.text)
    delay_us                                 0x08000759   Thumb Code    72  delay.o(.text)
    delay_xms                                0x080007a1   Thumb Code    72  delay.o(.text)
    delay_ms                                 0x080007e9   Thumb Code    56  delay.o(.text)
    _sys_exit                                0x08000829   Thumb Code     4  usart.o(.text)
    fputc                                    0x0800082d   Thumb Code    22  usart.o(.text)
    uart_init                                0x08000843   Thumb Code   172  usart.o(.text)
    USART1_IRQHandler                        0x080008ef   Thumb Code   122  usart.o(.text)
    Reset_Handler                            0x08000979   Thumb Code     8  startup_stm32f40_41xxx.o(.text)
    ADC_IRQHandler                           0x08000993   Thumb Code     0  startup_stm32f40_41xxx.o(.text)
    CAN1_RX0_IRQHandler                      0x08000993   Thumb Code     0  startup_stm32f40_41xxx.o(.text)
    CAN1_RX1_IRQHandler                      0x08000993   Thumb Code     0  startup_stm32f40_41xxx.o(.text)
    CAN1_SCE_IRQHandler                      0x08000993   Thumb Code     0  startup_stm32f40_41xxx.o(.text)
    CAN1_TX_IRQHandler                       0x08000993   Thumb Code     0  startup_stm32f40_41xxx.o(.text)
    CAN2_RX0_IRQHandler                      0x08000993   Thumb Code     0  startup_stm32f40_41xxx.o(.text)
    CAN2_RX1_IRQHandler                      0x08000993   Thumb Code     0  startup_stm32f40_41xxx.o(.text)
    CAN2_SCE_IRQHandler                      0x08000993   Thumb Code     0  startup_stm32f40_41xxx.o(.text)
    CAN2_TX_IRQHandler                       0x08000993   Thumb Code     0  startup_stm32f40_41xxx.o(.text)
    CRYP_IRQHandler                          0x08000993   Thumb Code     0  startup_stm32f40_41xxx.o(.text)
    DCMI_IRQHandler                          0x08000993   Thumb Code     0  startup_stm32f40_41xxx.o(.text)
    DMA1_Stream0_IRQHandler                  0x08000993   Thumb Code     0  startup_stm32f40_41xxx.o(.text)
    DMA1_Stream1_IRQHandler                  0x08000993   Thumb Code     0  startup_stm32f40_41xxx.o(.text)
    DMA1_Stream2_IRQHandler                  0x08000993   Thumb Code     0  startup_stm32f40_41xxx.o(.text)
    DMA1_Stream3_IRQHandler                  0x08000993   Thumb Code     0  startup_stm32f40_41xxx.o(.text)
    DMA1_Stream4_IRQHandler                  0x08000993   Thumb Code     0  startup_stm32f40_41xxx.o(.text)
    DMA1_Stream5_IRQHandler                  0x08000993   Thumb Code     0  startup_stm32f40_41xxx.o(.text)
    DMA1_Stream6_IRQHandler                  0x08000993   Thumb Code     0  startup_stm32f40_41xxx.o(.text)
    DMA1_Stream7_IRQHandler                  0x08000993   Thumb Code     0  startup_stm32f40_41xxx.o(.text)
    DMA2_Stream0_IRQHandler                  0x08000993   Thumb Code     0  startup_stm32f40_41xxx.o(.text)
    DMA2_Stream1_IRQHandler                  0x08000993   Thumb Code     0  startup_stm32f40_41xxx.o(.text)
    DMA2_Stream2_IRQHandler                  0x08000993   Thumb Code     0  startup_stm32f40_41xxx.o(.text)
    DMA2_Stream3_IRQHandler                  0x08000993   Thumb Code     0  startup_stm32f40_41xxx.o(.text)
    DMA2_Stream4_IRQHandler                  0x08000993   Thumb Code     0  startup_stm32f40_41xxx.o(.text)
    DMA2_Stream5_IRQHandler                  0x08000993   Thumb Code     0  startup_stm32f40_41xxx.o(.text)
    DMA2_Stream6_IRQHandler                  0x08000993   Thumb Code     0  startup_stm32f40_41xxx.o(.text)
    DMA2_Stream7_IRQHandler                  0x08000993   Thumb Code     0  startup_stm32f40_41xxx.o(.text)
    ETH_IRQHandler                           0x08000993   Thumb Code     0  startup_stm32f40_41xxx.o(.text)
    ETH_WKUP_IRQHandler                      0x08000993   Thumb Code     0  startup_stm32f40_41xxx.o(.text)
    EXTI0_IRQHandler                         0x08000993   Thumb Code     0  startup_stm32f40_41xxx.o(.text)
    EXTI15_10_IRQHandler                     0x08000993   Thumb Code     0  startup_stm32f40_41xxx.o(.text)
    EXTI1_IRQHandler                         0x08000993   Thumb Code     0  startup_stm32f40_41xxx.o(.text)
    EXTI2_IRQHandler                         0x08000993   Thumb Code     0  startup_stm32f40_41xxx.o(.text)
    EXTI3_IRQHandler                         0x08000993   Thumb Code     0  startup_stm32f40_41xxx.o(.text)
    EXTI4_IRQHandler                         0x08000993   Thumb Code     0  startup_stm32f40_41xxx.o(.text)
    EXTI9_5_IRQHandler                       0x08000993   Thumb Code     0  startup_stm32f40_41xxx.o(.text)
    FLASH_IRQHandler                         0x08000993   Thumb Code     0  startup_stm32f40_41xxx.o(.text)
    FPU_IRQHandler                           0x08000993   Thumb Code     0  startup_stm32f40_41xxx.o(.text)
    FSMC_IRQHandler                          0x08000993   Thumb Code     0  startup_stm32f40_41xxx.o(.text)
    HASH_RNG_IRQHandler                      0x08000993   Thumb Code     0  startup_stm32f40_41xxx.o(.text)
    I2C1_ER_IRQHandler                       0x08000993   Thumb Code     0  startup_stm32f40_41xxx.o(.text)
    I2C1_EV_IRQHandler                       0x08000993   Thumb Code     0  startup_stm32f40_41xxx.o(.text)
    I2C2_ER_IRQHandler                       0x08000993   Thumb Code     0  startup_stm32f40_41xxx.o(.text)
    I2C2_EV_IRQHandler                       0x08000993   Thumb Code     0  startup_stm32f40_41xxx.o(.text)
    I2C3_ER_IRQHandler                       0x08000993   Thumb Code     0  startup_stm32f40_41xxx.o(.text)
    I2C3_EV_IRQHandler                       0x08000993   Thumb Code     0  startup_stm32f40_41xxx.o(.text)
    OTG_FS_IRQHandler                        0x08000993   Thumb Code     0  startup_stm32f40_41xxx.o(.text)
    OTG_FS_WKUP_IRQHandler                   0x08000993   Thumb Code     0  startup_stm32f40_41xxx.o(.text)
    OTG_HS_EP1_IN_IRQHandler                 0x08000993   Thumb Code     0  startup_stm32f40_41xxx.o(.text)
    OTG_HS_EP1_OUT_IRQHandler                0x08000993   Thumb Code     0  startup_stm32f40_41xxx.o(.text)
    OTG_HS_IRQHandler                        0x08000993   Thumb Code     0  startup_stm32f40_41xxx.o(.text)
    OTG_HS_WKUP_IRQHandler                   0x08000993   Thumb Code     0  startup_stm32f40_41xxx.o(.text)
    PVD_IRQHandler                           0x08000993   Thumb Code     0  startup_stm32f40_41xxx.o(.text)
    RCC_IRQHandler                           0x08000993   Thumb Code     0  startup_stm32f40_41xxx.o(.text)
    RTC_Alarm_IRQHandler                     0x08000993   Thumb Code     0  startup_stm32f40_41xxx.o(.text)
    RTC_WKUP_IRQHandler                      0x08000993   Thumb Code     0  startup_stm32f40_41xxx.o(.text)
    SDIO_IRQHandler                          0x08000993   Thumb Code     0  startup_stm32f40_41xxx.o(.text)
    SPI1_IRQHandler                          0x08000993   Thumb Code     0  startup_stm32f40_41xxx.o(.text)
    SPI2_IRQHandler                          0x08000993   Thumb Code     0  startup_stm32f40_41xxx.o(.text)
    SPI3_IRQHandler                          0x08000993   Thumb Code     0  startup_stm32f40_41xxx.o(.text)
    TAMP_STAMP_IRQHandler                    0x08000993   Thumb Code     0  startup_stm32f40_41xxx.o(.text)
    TIM1_BRK_TIM9_IRQHandler                 0x08000993   Thumb Code     0  startup_stm32f40_41xxx.o(.text)
    TIM1_CC_IRQHandler                       0x08000993   Thumb Code     0  startup_stm32f40_41xxx.o(.text)
    TIM1_TRG_COM_TIM11_IRQHandler            0x08000993   Thumb Code     0  startup_stm32f40_41xxx.o(.text)
    TIM1_UP_TIM10_IRQHandler                 0x08000993   Thumb Code     0  startup_stm32f40_41xxx.o(.text)
    TIM2_IRQHandler                          0x08000993   Thumb Code     0  startup_stm32f40_41xxx.o(.text)
    TIM3_IRQHandler                          0x08000993   Thumb Code     0  startup_stm32f40_41xxx.o(.text)
    TIM4_IRQHandler                          0x08000993   Thumb Code     0  startup_stm32f40_41xxx.o(.text)
    TIM5_IRQHandler                          0x08000993   Thumb Code     0  startup_stm32f40_41xxx.o(.text)
    TIM6_DAC_IRQHandler                      0x08000993   Thumb Code     0  startup_stm32f40_41xxx.o(.text)
    TIM7_IRQHandler                          0x08000993   Thumb Code     0  startup_stm32f40_41xxx.o(.text)
    TIM8_BRK_TIM12_IRQHandler                0x08000993   Thumb Code     0  startup_stm32f40_41xxx.o(.text)
    TIM8_CC_IRQHandler                       0x08000993   Thumb Code     0  startup_stm32f40_41xxx.o(.text)
    TIM8_TRG_COM_TIM14_IRQHandler            0x08000993   Thumb Code     0  startup_stm32f40_41xxx.o(.text)
    TIM8_UP_TIM13_IRQHandler                 0x08000993   Thumb Code     0  startup_stm32f40_41xxx.o(.text)
    UART4_IRQHandler                         0x08000993   Thumb Code     0  startup_stm32f40_41xxx.o(.text)
    UART5_IRQHandler                         0x08000993   Thumb Code     0  startup_stm32f40_41xxx.o(.text)
    USART2_IRQHandler                        0x08000993   Thumb Code     0  startup_stm32f40_41xxx.o(.text)
    USART3_IRQHandler                        0x08000993   Thumb Code     0  startup_stm32f40_41xxx.o(.text)
    USART6_IRQHandler                        0x08000993   Thumb Code     0  startup_stm32f40_41xxx.o(.text)
    WWDG_IRQHandler                          0x08000993   Thumb Code     0  startup_stm32f40_41xxx.o(.text)
    __user_initial_stackheap                 0x08000995   Thumb Code     0  startup_stm32f40_41xxx.o(.text)
    NVIC_PriorityGroupConfig                 0x080009b9   Thumb Code    10  misc.o(.text)
    NVIC_Init                                0x080009c3   Thumb Code   106  misc.o(.text)
    NVIC_SetVectorTable                      0x08000a2d   Thumb Code    14  misc.o(.text)
    NVIC_SystemLPConfig                      0x08000a3b   Thumb Code    34  misc.o(.text)
    SysTick_CLKSourceConfig                  0x08000a5d   Thumb Code    40  misc.o(.text)
    GPIO_DeInit                              0x08000a99   Thumb Code   268  stm32f4xx_gpio.o(.text)
    GPIO_Init                                0x08000ba5   Thumb Code   144  stm32f4xx_gpio.o(.text)
    GPIO_StructInit                          0x08000c35   Thumb Code    18  stm32f4xx_gpio.o(.text)
    GPIO_PinLockConfig                       0x08000c47   Thumb Code    34  stm32f4xx_gpio.o(.text)
    GPIO_ReadInputDataBit                    0x08000c69   Thumb Code    18  stm32f4xx_gpio.o(.text)
    GPIO_ReadInputData                       0x08000c7b   Thumb Code     8  stm32f4xx_gpio.o(.text)
    GPIO_ReadOutputDataBit                   0x08000c83   Thumb Code    18  stm32f4xx_gpio.o(.text)
    GPIO_ReadOutputData                      0x08000c95   Thumb Code     8  stm32f4xx_gpio.o(.text)
    GPIO_SetBits                             0x08000c9d   Thumb Code     4  stm32f4xx_gpio.o(.text)
    GPIO_ResetBits                           0x08000ca1   Thumb Code     4  stm32f4xx_gpio.o(.text)
    GPIO_WriteBit                            0x08000ca5   Thumb Code    10  stm32f4xx_gpio.o(.text)
    GPIO_Write                               0x08000caf   Thumb Code     4  stm32f4xx_gpio.o(.text)
    GPIO_ToggleBits                          0x08000cb3   Thumb Code     8  stm32f4xx_gpio.o(.text)
    GPIO_PinAFConfig                         0x08000cbb   Thumb Code    70  stm32f4xx_gpio.o(.text)
    RCC_DeInit                               0x08000d2d   Thumb Code    82  stm32f4xx_rcc.o(.text)
    RCC_HSEConfig                            0x08000d7f   Thumb Code    14  stm32f4xx_rcc.o(.text)
    RCC_GetFlagStatus                        0x08000d8d   Thumb Code    60  stm32f4xx_rcc.o(.text)
    RCC_WaitForHSEStartUp                    0x08000dc9   Thumb Code    56  stm32f4xx_rcc.o(.text)
    RCC_AdjustHSICalibrationValue            0x08000e01   Thumb Code    20  stm32f4xx_rcc.o(.text)
    RCC_HSICmd                               0x08000e15   Thumb Code     6  stm32f4xx_rcc.o(.text)
    RCC_LSEConfig                            0x08000e1b   Thumb Code    46  stm32f4xx_rcc.o(.text)
    RCC_LSICmd                               0x08000e49   Thumb Code     6  stm32f4xx_rcc.o(.text)
    RCC_PLLConfig                            0x08000e4f   Thumb Code    32  stm32f4xx_rcc.o(.text)
    RCC_PLLCmd                               0x08000e6f   Thumb Code     6  stm32f4xx_rcc.o(.text)
    RCC_PLLI2SConfig                         0x08000e75   Thumb Code    14  stm32f4xx_rcc.o(.text)
    RCC_PLLI2SCmd                            0x08000e83   Thumb Code     6  stm32f4xx_rcc.o(.text)
    RCC_PLLSAIConfig                         0x08000e89   Thumb Code    20  stm32f4xx_rcc.o(.text)
    RCC_PLLSAICmd                            0x08000e9d   Thumb Code     6  stm32f4xx_rcc.o(.text)
    RCC_ClockSecuritySystemCmd               0x08000ea3   Thumb Code     6  stm32f4xx_rcc.o(.text)
    RCC_MCO1Config                           0x08000ea9   Thumb Code    28  stm32f4xx_rcc.o(.text)
    RCC_MCO2Config                           0x08000ec5   Thumb Code    28  stm32f4xx_rcc.o(.text)
    RCC_SYSCLKConfig                         0x08000ee1   Thumb Code    20  stm32f4xx_rcc.o(.text)
    RCC_GetSYSCLKSource                      0x08000ef5   Thumb Code    12  stm32f4xx_rcc.o(.text)
    RCC_HCLKConfig                           0x08000f01   Thumb Code    20  stm32f4xx_rcc.o(.text)
    RCC_PCLK1Config                          0x08000f15   Thumb Code    20  stm32f4xx_rcc.o(.text)
    RCC_PCLK2Config                          0x08000f29   Thumb Code    22  stm32f4xx_rcc.o(.text)
    RCC_GetClocksFreq                        0x08000f3f   Thumb Code   222  stm32f4xx_rcc.o(.text)
    RCC_RTCCLKConfig                         0x0800101d   Thumb Code    54  stm32f4xx_rcc.o(.text)
    RCC_RTCCLKCmd                            0x08001053   Thumb Code     8  stm32f4xx_rcc.o(.text)
    RCC_BackupResetCmd                       0x0800105b   Thumb Code     8  stm32f4xx_rcc.o(.text)
    RCC_I2SCLKConfig                         0x08001063   Thumb Code     6  stm32f4xx_rcc.o(.text)
    RCC_SAIPLLI2SClkDivConfig                0x08001069   Thumb Code    26  stm32f4xx_rcc.o(.text)
    RCC_SAIPLLSAIClkDivConfig                0x08001083   Thumb Code    28  stm32f4xx_rcc.o(.text)
    RCC_SAIBlockACLKConfig                   0x0800109f   Thumb Code    20  stm32f4xx_rcc.o(.text)
    RCC_SAIBlockBCLKConfig                   0x080010b3   Thumb Code    20  stm32f4xx_rcc.o(.text)
    RCC_LTDCCLKDivConfig                     0x080010c7   Thumb Code    20  stm32f4xx_rcc.o(.text)
    RCC_TIMCLKPresConfig                     0x080010db   Thumb Code     6  stm32f4xx_rcc.o(.text)
    RCC_AHB1PeriphClockCmd                   0x080010e1   Thumb Code    34  stm32f4xx_rcc.o(.text)
    RCC_AHB2PeriphClockCmd                   0x08001103   Thumb Code    78  stm32f4xx_rcc.o(.text)
    RCC_AHB3PeriphClockCmd                   0x08001151   Thumb Code    34  stm32f4xx_rcc.o(.text)
    RCC_APB1PeriphClockCmd                   0x08001173   Thumb Code    34  stm32f4xx_rcc.o(.text)
    RCC_APB2PeriphClockCmd                   0x08001195   Thumb Code    34  stm32f4xx_rcc.o(.text)
    RCC_AHB1PeriphResetCmd                   0x080011b7   Thumb Code    34  stm32f4xx_rcc.o(.text)
    RCC_AHB2PeriphResetCmd                   0x080011d9   Thumb Code    34  stm32f4xx_rcc.o(.text)
    RCC_AHB3PeriphResetCmd                   0x080011fb   Thumb Code    34  stm32f4xx_rcc.o(.text)
    RCC_APB1PeriphResetCmd                   0x0800121d   Thumb Code    34  stm32f4xx_rcc.o(.text)
    RCC_APB2PeriphResetCmd                   0x0800123f   Thumb Code    34  stm32f4xx_rcc.o(.text)
    RCC_AHB1PeriphClockLPModeCmd             0x08001261   Thumb Code    34  stm32f4xx_rcc.o(.text)
    RCC_AHB2PeriphClockLPModeCmd             0x08001283   Thumb Code    34  stm32f4xx_rcc.o(.text)
    RCC_AHB3PeriphClockLPModeCmd             0x080012a5   Thumb Code    34  stm32f4xx_rcc.o(.text)
    RCC_APB1PeriphClockLPModeCmd             0x080012c7   Thumb Code    34  stm32f4xx_rcc.o(.text)
    RCC_APB2PeriphClockLPModeCmd             0x080012e9   Thumb Code    34  stm32f4xx_rcc.o(.text)
    RCC_LSEModeConfig                        0x0800130b   Thumb Code    40  stm32f4xx_rcc.o(.text)
    RCC_ITConfig                             0x08001333   Thumb Code    34  stm32f4xx_rcc.o(.text)
    RCC_ClearFlag                            0x08001355   Thumb Code    18  stm32f4xx_rcc.o(.text)
    RCC_GetITStatus                          0x08001367   Thumb Code    22  stm32f4xx_rcc.o(.text)
    RCC_ClearITPendingBit                    0x0800137d   Thumb Code     8  stm32f4xx_rcc.o(.text)
    USART_DeInit                             0x08001389   Thumb Code   206  stm32f4xx_usart.o(.text)
    USART_Init                               0x08001457   Thumb Code   204  stm32f4xx_usart.o(.text)
    USART_StructInit                         0x08001523   Thumb Code    24  stm32f4xx_usart.o(.text)
    USART_ClockInit                          0x0800153b   Thumb Code    32  stm32f4xx_usart.o(.text)
    USART_ClockStructInit                    0x0800155b   Thumb Code    12  stm32f4xx_usart.o(.text)
    USART_Cmd                                0x08001567   Thumb Code    24  stm32f4xx_usart.o(.text)
    USART_SetPrescaler                       0x0800157f   Thumb Code    16  stm32f4xx_usart.o(.text)
    USART_OverSampling8Cmd                   0x0800158f   Thumb Code    22  stm32f4xx_usart.o(.text)
    USART_OneBitMethodCmd                    0x080015a5   Thumb Code    24  stm32f4xx_usart.o(.text)
    USART_SendData                           0x080015bd   Thumb Code     8  stm32f4xx_usart.o(.text)
    USART_ReceiveData                        0x080015c5   Thumb Code    10  stm32f4xx_usart.o(.text)
    USART_SetAddress                         0x080015cf   Thumb Code    18  stm32f4xx_usart.o(.text)
    USART_ReceiverWakeUpCmd                  0x080015e1   Thumb Code    24  stm32f4xx_usart.o(.text)
    USART_WakeUpConfig                       0x080015f9   Thumb Code    18  stm32f4xx_usart.o(.text)
    USART_LINBreakDetectLengthConfig         0x0800160b   Thumb Code    18  stm32f4xx_usart.o(.text)
    USART_LINCmd                             0x0800161d   Thumb Code    24  stm32f4xx_usart.o(.text)
    USART_SendBreak                          0x08001635   Thumb Code    10  stm32f4xx_usart.o(.text)
    USART_HalfDuplexCmd                      0x0800163f   Thumb Code    24  stm32f4xx_usart.o(.text)
    USART_SetGuardTime                       0x08001657   Thumb Code    16  stm32f4xx_usart.o(.text)
    USART_SmartCardCmd                       0x08001667   Thumb Code    24  stm32f4xx_usart.o(.text)
    USART_SmartCardNACKCmd                   0x0800167f   Thumb Code    24  stm32f4xx_usart.o(.text)
    USART_IrDAConfig                         0x08001697   Thumb Code    18  stm32f4xx_usart.o(.text)
    USART_IrDACmd                            0x080016a9   Thumb Code    24  stm32f4xx_usart.o(.text)
    USART_DMACmd                             0x080016c1   Thumb Code    18  stm32f4xx_usart.o(.text)
    USART_ITConfig                           0x080016d3   Thumb Code    74  stm32f4xx_usart.o(.text)
    USART_GetFlagStatus                      0x0800171d   Thumb Code    26  stm32f4xx_usart.o(.text)
    USART_ClearFlag                          0x08001737   Thumb Code    18  stm32f4xx_usart.o(.text)
    USART_GetITStatus                        0x08001749   Thumb Code   118  stm32f4xx_usart.o(.text)
    USART_ClearITPendingBit                  0x080017bf   Thumb Code    30  stm32f4xx_usart.o(.text)
    vListInitialise                          0x080017dd   Thumb Code    26  list.o(.text)
    vListInitialiseItem                      0x080017f7   Thumb Code     6  list.o(.text)
    vListInsertEnd                           0x080017fd   Thumb Code    24  list.o(.text)
    vListInsert                              0x08001815   Thumb Code    52  list.o(.text)
    uxListRemove                             0x08001849   Thumb Code    40  list.o(.text)
    xQueueGenericReset                       0x08001871   Thumb Code   214  queue.o(.text)
    xQueueGenericCreate                      0x08001971   Thumb Code   102  queue.o(.text)
    xQueueGenericSend                        0x08001af1   Thumb Code   420  queue.o(.text)
    xQueueCreateMutex                        0x08001cb3   Thumb Code    38  queue.o(.text)
    xQueueGiveMutexRecursive                 0x08001cd9   Thumb Code    72  queue.o(.text)
    xQueueSemaphoreTake                      0x08001d4f   Thumb Code   398  queue.o(.text)
    xQueueTakeMutexRecursive                 0x08001edd   Thumb Code    78  queue.o(.text)
    xQueueCreateCountingSemaphore            0x08001f2b   Thumb Code    60  queue.o(.text)
    xQueueGenericSendFromISR                 0x08001f67   Thumb Code   296  queue.o(.text)
    xQueueGiveFromISR                        0x0800208f   Thumb Code   272  queue.o(.text)
    xQueueReceive                            0x080021c9   Thumb Code   362  queue.o(.text)
    xQueuePeek                               0x08002333   Thumb Code   362  queue.o(.text)
    xQueueReceiveFromISR                     0x0800249d   Thumb Code   252  queue.o(.text)
    xQueuePeekFromISR                        0x08002599   Thumb Code   176  queue.o(.text)
    uxQueueMessagesWaiting                   0x08002649   Thumb Code    46  queue.o(.text)
    uxQueueSpacesAvailable                   0x08002677   Thumb Code    48  queue.o(.text)
    uxQueueMessagesWaitingFromISR            0x080026a7   Thumb Code    34  queue.o(.text)
    vQueueUnregisterQueue                    0x080026c9   Thumb Code    68  queue.o(.text)
    vQueueDelete                             0x0800270d   Thumb Code    44  queue.o(.text)
    uxQueueGetQueueNumber                    0x08002739   Thumb Code     6  queue.o(.text)
    vQueueSetQueueNumber                     0x0800273f   Thumb Code     4  queue.o(.text)
    ucQueueGetQueueType                      0x08002743   Thumb Code     8  queue.o(.text)
    xQueueIsQueueEmptyFromISR                0x0800274b   Thumb Code    42  queue.o(.text)
    xQueueIsQueueFullFromISR                 0x08002775   Thumb Code    46  queue.o(.text)
    vQueueAddToRegistry                      0x080027a3   Thumb Code    90  queue.o(.text)
    pcQueueGetName                           0x080027fd   Thumb Code    64  queue.o(.text)
    vQueueWaitForMessageRestricted           0x0800283d   Thumb Code    74  queue.o(.text)
    xTaskCreate                              0x08002a6d   Thumb Code   104  tasks.o(.text)
    vTaskDelete                              0x08002b0f   Thumb Code   210  tasks.o(.text)
    xTaskIncrementTick                       0x08002be1   Thumb Code   476  tasks.o(.text)
    xTaskResumeAll                           0x08002dbd   Thumb Code   338  tasks.o(.text)
    vTaskSuspendAll                          0x08002fb3   Thumb Code    12  tasks.o(.text)
    xTaskDelayUntil                          0x08002fbf   Thumb Code   202  tasks.o(.text)
    vTaskDelay                               0x08003089   Thumb Code    82  tasks.o(.text)
    eTaskGetState                            0x080030db   Thumb Code   200  tasks.o(.text)
    uxTaskPriorityGet                        0x080031a3   Thumb Code    30  tasks.o(.text)
    uxTaskPriorityGetFromISR                 0x080031c1   Thumb Code    62  tasks.o(.text)
    vTaskPrioritySet                         0x080031ff   Thumb Code   312  tasks.o(.text)
    vTaskSwitchContext                       0x08003337   Thumb Code   118  tasks.o(.text)
    vTaskSuspend                             0x080033ad   Thumb Code   224  tasks.o(.text)
    vTaskResume                              0x080034dd   Thumb Code   236  tasks.o(.text)
    xTaskResumeFromISR                       0x080035c9   Thumb Code   218  tasks.o(.text)
    vTaskStartScheduler                      0x080036ff   Thumb Code   122  tasks.o(.text)
    vTaskEndScheduler                        0x08003779   Thumb Code    32  tasks.o(.text)
    xTaskGetTickCount                        0x08003799   Thumb Code     6  tasks.o(.text)
    xTaskGetTickCountFromISR                 0x0800379f   Thumb Code    16  tasks.o(.text)
    uxTaskGetNumberOfTasks                   0x080037af   Thumb Code     6  tasks.o(.text)
    pcTaskGetName                            0x080037b5   Thumb Code    44  tasks.o(.text)
    vTaskGetInfo                             0x080037f7   Thumb Code   126  tasks.o(.text)
    uxTaskGetSystemState                     0x080038df   Thumb Code   238  tasks.o(.text)
    xTaskCatchUpTicks                        0x080039cd   Thumb Code    72  tasks.o(.text)
    vTaskPlaceOnEventList                    0x08003a15   Thumb Code    52  tasks.o(.text)
    vTaskPlaceOnUnorderedEventList           0x08003a49   Thumb Code   134  tasks.o(.text)
    vTaskPlaceOnEventListRestricted          0x08003acf   Thumb Code    94  tasks.o(.text)
    xTaskRemoveFromEventList                 0x08003b2d   Thumb Code   264  tasks.o(.text)
    vTaskRemoveFromUnorderedEventList        0x08003c35   Thumb Code   250  tasks.o(.text)
    vTaskSetTimeOutState                     0x08003d2f   Thumb Code    50  tasks.o(.text)
    vTaskInternalSetTimeOutState             0x08003d61   Thumb Code    14  tasks.o(.text)
    xTaskCheckForTimeOut                     0x08003d6f   Thumb Code   174  tasks.o(.text)
    vTaskMissedYield                         0x08003e1d   Thumb Code     8  tasks.o(.text)
    uxTaskGetTaskNumber                      0x08003e25   Thumb Code    14  tasks.o(.text)
    vTaskSetTaskNumber                       0x08003e33   Thumb Code     8  tasks.o(.text)
    xTaskGetCurrentTaskHandle                0x08003e3b   Thumb Code     6  tasks.o(.text)
    xTaskGetSchedulerState                   0x08003e41   Thumb Code    24  tasks.o(.text)
    xTaskPriorityInherit                     0x08003e59   Thumb Code   224  tasks.o(.text)
    xTaskPriorityDisinherit                  0x08003f39   Thumb Code   226  tasks.o(.text)
    vTaskPriorityDisinheritAfterTimeout      0x0800401b   Thumb Code   268  tasks.o(.text)
    uxTaskResetEventItemValue                0x08004127   Thumb Code    24  tasks.o(.text)
    pvTaskIncrementMutexHeldCount            0x0800413f   Thumb Code    26  tasks.o(.text)
    ulTaskGenericNotifyTake                  0x08004159   Thumb Code   192  tasks.o(.text)
    xTaskGenericNotifyWait                   0x08004219   Thumb Code   196  tasks.o(.text)
    xTaskGenericNotify                       0x080042dd   Thumb Code   442  tasks.o(.text)
    xTaskGenericNotifyFromISR                0x08004497   Thumb Code   550  tasks.o(.text)
    vTaskGenericNotifyGiveFromISR            0x080046bd   Thumb Code   372  tasks.o(.text)
    xTaskGenericNotifyStateClear             0x08004831   Thumb Code    90  tasks.o(.text)
    ulTaskGenericNotifyValueClear            0x0800488b   Thumb Code    58  tasks.o(.text)
    xTimerCreateTimerTask                    0x08004bf9   Thumb Code    66  timers.o(.text)
    xTimerCreate                             0x08004c93   Thumb Code    54  timers.o(.text)
    xTimerGenericCommand                     0x08004cc9   Thumb Code   178  timers.o(.text)
    xTimerGetTimerDaemonTaskHandle           0x08004d7b   Thumb Code    42  timers.o(.text)
    xTimerGetPeriod                          0x08004da5   Thumb Code    32  timers.o(.text)
    vTimerSetReloadMode                      0x08004dc5   Thumb Code    70  timers.o(.text)
    xTimerGetReloadMode                      0x08004e0b   Thumb Code    58  timers.o(.text)
    uxTimerGetReloadMode                     0x08004e45   Thumb Code    12  timers.o(.text)
    xTimerGetExpiryTime                      0x08004e51   Thumb Code    34  timers.o(.text)
    pcTimerGetName                           0x08004e73   Thumb Code    32  timers.o(.text)
    xTimerIsTimerActive                      0x08004e93   Thumb Code    58  timers.o(.text)
    pvTimerGetTimerID                        0x08004ecd   Thumb Code    44  timers.o(.text)
    vTimerSetTimerID                         0x08004ef9   Thumb Code    44  timers.o(.text)
    uxTimerGetTimerNumber                    0x08004f25   Thumb Code     6  timers.o(.text)
    vTimerSetTimerNumber                     0x08004f2b   Thumb Code     4  timers.o(.text)
    pvPortMalloc                             0x08004ff3   Thumb Code   280  heap_4.o(.text)
    vPortFree                                0x0800510b   Thumb Code   132  heap_4.o(.text)
    xPortGetFreeHeapSize                     0x0800518f   Thumb Code     6  heap_4.o(.text)
    xPortGetMinimumEverFreeHeapSize          0x08005195   Thumb Code     6  heap_4.o(.text)
    vPortInitialiseBlocks                    0x0800519b   Thumb Code     2  heap_4.o(.text)
    pvPortCalloc                             0x0800519d   Thumb Code    54  heap_4.o(.text)
    vPortGetHeapStats                        0x080051d3   Thumb Code   104  heap_4.o(.text)
    pxPortInitialiseStack                    0x08005295   Thumb Code    38  port.o(.text)
    vPortSetupTimerInterrupt                 0x080052bb   Thumb Code    36  port.o(.text)
    xPortStartScheduler                      0x080052df   Thumb Code   330  port.o(.text)
    vPortEndScheduler                        0x08005429   Thumb Code    42  port.o(.text)
    vPortEnterCritical                       0x08005453   Thumb Code    78  port.o(.text)
    vPortExitCritical                        0x080054a1   Thumb Code    56  port.o(.text)
    SysTick_Handler                          0x080054d9   Thumb Code    48  port.o(.text)
    vPortValidateInterruptPriority           0x08005509   Thumb Code   108  port.o(.text)
    __use_no_semihosting                     0x08005599   Thumb Code     2  use_no_semi_2.o(.text)
    __2printf                                0x0800559d   Thumb Code    20  noretval__2printf.o(.text)
    __printf                                 0x080055b5   Thumb Code   104  __printf.o(.text)
    _printf_str                              0x0800561d   Thumb Code    82  _printf_str.o(.text)
    _printf_int_dec                          0x08005671   Thumb Code   104  _printf_dec.o(.text)
    __aeabi_memcpy                           0x080056e9   Thumb Code     0  rt_memcpy_v6.o(.text)
    __rt_memcpy                              0x080056e9   Thumb Code   138  rt_memcpy_v6.o(.text)
    _memcpy_lastbytes                        0x0800574f   Thumb Code     0  rt_memcpy_v6.o(.text)
    __aeabi_memset                           0x08005773   Thumb Code    16  aeabi_memset.o(.text)
    __aeabi_memclr                           0x08005783   Thumb Code     0  rt_memclr.o(.text)
    __rt_memclr                              0x08005783   Thumb Code    68  rt_memclr.o(.text)
    _memset                                  0x08005787   Thumb Code     0  rt_memclr.o(.text)
    __aeabi_memclr4                          0x080057c7   Thumb Code     0  rt_memclr_w.o(.text)
    __aeabi_memclr8                          0x080057c7   Thumb Code     0  rt_memclr_w.o(.text)
    __rt_memclr_w                            0x080057c7   Thumb Code    78  rt_memclr_w.o(.text)
    _memset_w                                0x080057cb   Thumb Code     0  rt_memclr_w.o(.text)
    __use_two_region_memory                  0x08005815   Thumb Code     2  heapauxi.o(.text)
    __rt_heap_escrow$2region                 0x08005817   Thumb Code     2  heapauxi.o(.text)
    __rt_heap_expand$2region                 0x08005819   Thumb Code     2  heapauxi.o(.text)
    __I$use$semihosting                      0x0800581b   Thumb Code     0  use_no_semi.o(.text)
    __use_no_semihosting_swi                 0x0800581b   Thumb Code     2  use_no_semi.o(.text)
    _printf_int_common                       0x0800581d   Thumb Code   178  _printf_intcommon.o(.text)
    _printf_cs_common                        0x080058cf   Thumb Code    20  _printf_char.o(.text)
    _printf_char                             0x080058e3   Thumb Code    16  _printf_char.o(.text)
    _printf_string                           0x080058f3   Thumb Code     8  _printf_char.o(.text)
    _printf_char_file                        0x080058fd   Thumb Code    32  _printf_char_file.o(.text)
    __aeabi_memcpy4                          0x08005921   Thumb Code     0  rt_memcpy_w.o(.text)
    __aeabi_memcpy8                          0x08005921   Thumb Code     0  rt_memcpy_w.o(.text)
    __rt_memcpy_w                            0x08005921   Thumb Code   100  rt_memcpy_w.o(.text)
    _memcpy_lastbytes_aligned                0x08005969   Thumb Code     0  rt_memcpy_w.o(.text)
    _printf_char_common                      0x0800598f   Thumb Code    32  _printf_char_common.o(.text)
    ferror                                   0x080059b5   Thumb Code     8  ferror.o(.text)
    __user_setup_stackheap                   0x080059bd   Thumb Code    74  sys_stackheap_outer.o(.text)
    exit                                     0x08005a07   Thumb Code    18  exit.o(.text)
    __user_libspace                          0x08005a19   Thumb Code     8  libspace.o(.text)
    __user_perproc_libspace                  0x08005a19   Thumb Code     0  libspace.o(.text)
    __user_perthread_libspace                0x08005a19   Thumb Code     0  libspace.o(.text)
    _fp_init                                 0x08005a21   Thumb Code    10  fpinit.o(x$fpl$fpinit)
    __fplib_config_fpu_vfp                   0x08005a29   Thumb Code     0  fpinit.o(x$fpl$fpinit)
    __fplib_config_pureend_doubles           0x08005a29   Thumb Code     0  fpinit.o(x$fpl$fpinit)
    Region$$Table$$Base                      0x08005a2c   Number         0  anon$$obj.o(Region$$Table)
    Region$$Table$$Limit                     0x08005a4c   Number         0  anon$$obj.o(Region$$Table)
    task_init_handler                        0x20000000   Data           4  main.o(.data)
    task_0_handler                           0x20000004   Data           4  main.o(.data)
    task_1_handler                           0x20000008   Data           4  main.o(.data)
    SystemCoreClock                          0x20000014   Data           4  system_stm32f4xx.o(.data)
    AHBPrescTable                            0x20000018   Data          16  system_stm32f4xx.o(.data)
    __stdout                                 0x2000002c   Data           4  usart.o(.data)
    USART_RX_STA                             0x20000030   Data           2  usart.o(.data)
    pxCurrentTCB                             0x20000044   Data           4  tasks.o(.data)
    uxTopUsedPriority                        0x2000007c   Data           4  tasks.o(.data)
    USART_RX_BUF                             0x200000c0   Data         200  usart.o(.bss)
    xQueueRegistry                           0x20000188   Data          64  queue.o(.bss)
    __libspace_start                         0x20012eb8   Data          96  libspace.o(.bss)
    __temporary_stack_top$libspace           0x20012f18   Data           0  libspace.o(.bss)



==============================================================================

Memory Map of the image

  Image Entry point : 0x08000189

  Load Region LR_IROM1 (Base: 0x08000000, Size: 0x00005b0c, Max: 0x00080000, ABSOLUTE)

    Execution Region ER_IROM1 (Base: 0x08000000, Size: 0x00005a4c, Max: 0x00080000, ABSOLUTE)

    Base Addr    Size         Type   Attr      Idx    E Section Name        Object

    0x08000000   0x00000188   Data   RO          408    RESET               startup_stm32f40_41xxx.o
    0x08000188   0x00000008   Code   RO          779  * !!!main             c_w.l(__main.o)
    0x08000190   0x00000034   Code   RO          951    !!!scatter          c_w.l(__scatter.o)
    0x080001c4   0x0000001a   Code   RO          953    !!handler_copy      c_w.l(__scatter_copy.o)
    0x080001de   0x00000002   PAD
    0x080001e0   0x0000001c   Code   RO          955    !!handler_zi        c_w.l(__scatter_zi.o)
    0x080001fc   0x00000000   Code   RO          766    .ARM.Collect$$_printf_percent$$00000000  c_w.l(_printf_percent.o)
    0x080001fc   0x00000006   Code   RO          765    .ARM.Collect$$_printf_percent$$00000009  c_w.l(_printf_d.o)
    0x08000202   0x00000006   Code   RO          764    .ARM.Collect$$_printf_percent$$00000014  c_w.l(_printf_s.o)
    0x08000208   0x00000004   Code   RO          790    .ARM.Collect$$_printf_percent$$00000017  c_w.l(_printf_percent_end.o)
    0x0800020c   0x00000002   Code   RO          825    .ARM.Collect$$libinit$$00000000  c_w.l(libinit.o)
    0x0800020e   0x00000004   Code   RO          831    .ARM.Collect$$libinit$$00000001  c_w.l(libinit2.o)
    0x08000212   0x00000000   Code   RO          834    .ARM.Collect$$libinit$$00000004  c_w.l(libinit2.o)
    0x08000212   0x00000000   Code   RO          837    .ARM.Collect$$libinit$$0000000A  c_w.l(libinit2.o)
    0x08000212   0x00000000   Code   RO          839    .ARM.Collect$$libinit$$0000000C  c_w.l(libinit2.o)
    0x08000212   0x00000000   Code   RO          841    .ARM.Collect$$libinit$$0000000E  c_w.l(libinit2.o)
    0x08000212   0x00000000   Code   RO          844    .ARM.Collect$$libinit$$00000011  c_w.l(libinit2.o)
    0x08000212   0x00000000   Code   RO          846    .ARM.Collect$$libinit$$00000013  c_w.l(libinit2.o)
    0x08000212   0x00000000   Code   RO          848    .ARM.Collect$$libinit$$00000015  c_w.l(libinit2.o)
    0x08000212   0x00000000   Code   RO          850    .ARM.Collect$$libinit$$00000017  c_w.l(libinit2.o)
    0x08000212   0x00000000   Code   RO          852    .ARM.Collect$$libinit$$00000019  c_w.l(libinit2.o)
    0x08000212   0x00000000   Code   RO          854    .ARM.Collect$$libinit$$0000001B  c_w.l(libinit2.o)
    0x08000212   0x00000000   Code   RO          856    .ARM.Collect$$libinit$$0000001D  c_w.l(libinit2.o)
    0x08000212   0x00000000   Code   RO          858    .ARM.Collect$$libinit$$0000001F  c_w.l(libinit2.o)
    0x08000212   0x00000000   Code   RO          860    .ARM.Collect$$libinit$$00000021  c_w.l(libinit2.o)
    0x08000212   0x00000000   Code   RO          862    .ARM.Collect$$libinit$$00000023  c_w.l(libinit2.o)
    0x08000212   0x00000000   Code   RO          864    .ARM.Collect$$libinit$$00000025  c_w.l(libinit2.o)
    0x08000212   0x00000000   Code   RO          868    .ARM.Collect$$libinit$$0000002C  c_w.l(libinit2.o)
    0x08000212   0x00000000   Code   RO          870    .ARM.Collect$$libinit$$0000002E  c_w.l(libinit2.o)
    0x08000212   0x00000000   Code   RO          872    .ARM.Collect$$libinit$$00000030  c_w.l(libinit2.o)
    0x08000212   0x00000000   Code   RO          874    .ARM.Collect$$libinit$$00000032  c_w.l(libinit2.o)
    0x08000212   0x00000002   Code   RO          875    .ARM.Collect$$libinit$$00000033  c_w.l(libinit2.o)
    0x08000214   0x00000002   Code   RO          893    .ARM.Collect$$libshutdown$$00000000  c_w.l(libshutdown.o)
    0x08000216   0x00000000   Code   RO          903    .ARM.Collect$$libshutdown$$00000002  c_w.l(libshutdown2.o)
    0x08000216   0x00000000   Code   RO          905    .ARM.Collect$$libshutdown$$00000004  c_w.l(libshutdown2.o)
    0x08000216   0x00000000   Code   RO          908    .ARM.Collect$$libshutdown$$00000007  c_w.l(libshutdown2.o)
    0x08000216   0x00000000   Code   RO          911    .ARM.Collect$$libshutdown$$0000000A  c_w.l(libshutdown2.o)
    0x08000216   0x00000000   Code   RO          913    .ARM.Collect$$libshutdown$$0000000C  c_w.l(libshutdown2.o)
    0x08000216   0x00000000   Code   RO          916    .ARM.Collect$$libshutdown$$0000000F  c_w.l(libshutdown2.o)
    0x08000216   0x00000002   Code   RO          917    .ARM.Collect$$libshutdown$$00000010  c_w.l(libshutdown2.o)
    0x08000218   0x00000000   Code   RO          783    .ARM.Collect$$rtentry$$00000000  c_w.l(__rtentry.o)
    0x08000218   0x00000000   Code   RO          794    .ARM.Collect$$rtentry$$00000002  c_w.l(__rtentry2.o)
    0x08000218   0x00000006   Code   RO          806    .ARM.Collect$$rtentry$$00000004  c_w.l(__rtentry4.o)
    0x0800021e   0x00000000   Code   RO          796    .ARM.Collect$$rtentry$$00000009  c_w.l(__rtentry2.o)
    0x0800021e   0x00000004   Code   RO          797    .ARM.Collect$$rtentry$$0000000A  c_w.l(__rtentry2.o)
    0x08000222   0x00000000   Code   RO          799    .ARM.Collect$$rtentry$$0000000C  c_w.l(__rtentry2.o)
    0x08000222   0x00000008   Code   RO          800    .ARM.Collect$$rtentry$$0000000D  c_w.l(__rtentry2.o)
    0x0800022a   0x00000002   Code   RO          829    .ARM.Collect$$rtexit$$00000000  c_w.l(rtexit.o)
    0x0800022c   0x00000000   Code   RO          877    .ARM.Collect$$rtexit$$00000002  c_w.l(rtexit2.o)
    0x0800022c   0x00000004   Code   RO          878    .ARM.Collect$$rtexit$$00000003  c_w.l(rtexit2.o)
    0x08000230   0x00000006   Code   RO          879    .ARM.Collect$$rtexit$$00000004  c_w.l(rtexit2.o)
    0x08000236   0x00000002   PAD
    0x08000238   0x000000be   Code   RO          700    .emb_text           port.o
    0x080002f6   0x00000002   PAD
    0x080002f8   0x000001cc   Code   RO            3    .text               main.o
    0x080004c4   0x00000014   Code   RO          186    .text               stm32f4xx_it.o
    0x080004d8   0x00000210   Code   RO          235    .text               system_stm32f4xx.o
    0x080006e8   0x0000003c   Code   RO          261    .text               led.o
    0x08000724   0x00000104   Code   RO          322    .text               delay.o
    0x08000828   0x00000150   Code   RO          371    .text               usart.o
    0x08000978   0x00000040   Code   RO          409    .text               startup_stm32f40_41xxx.o
    0x080009b8   0x000000e0   Code   RO          415    .text               misc.o
    0x08000a98   0x00000294   Code   RO          435    .text               stm32f4xx_gpio.o
    0x08000d2c   0x0000065c   Code   RO          455    .text               stm32f4xx_rcc.o
    0x08001388   0x00000454   Code   RO          497    .text               stm32f4xx_usart.o
    0x080017dc   0x00000094   Code   RO          567    .text               list.o
    0x08001870   0x0000101c   Code   RO          582    .text               queue.o
    0x0800288c   0x00002050   Code   RO          630    .text               tasks.o
    0x080048dc   0x0000065c   Code   RO          652    .text               timers.o
    0x08004f38   0x00000320   Code   RO          685    .text               heap_4.o
    0x08005258   0x00000340   Code   RO          701    .text               port.o
    0x08005598   0x00000002   Code   RO          732    .text               c_w.l(use_no_semi_2.o)
    0x0800559a   0x00000002   PAD
    0x0800559c   0x00000018   Code   RO          736    .text               c_w.l(noretval__2printf.o)
    0x080055b4   0x00000068   Code   RO          738    .text               c_w.l(__printf.o)
    0x0800561c   0x00000052   Code   RO          740    .text               c_w.l(_printf_str.o)
    0x0800566e   0x00000002   PAD
    0x08005670   0x00000078   Code   RO          742    .text               c_w.l(_printf_dec.o)
    0x080056e8   0x0000008a   Code   RO          767    .text               c_w.l(rt_memcpy_v6.o)
    0x08005772   0x00000010   Code   RO          771    .text               c_w.l(aeabi_memset.o)
    0x08005782   0x00000044   Code   RO          773    .text               c_w.l(rt_memclr.o)
    0x080057c6   0x0000004e   Code   RO          775    .text               c_w.l(rt_memclr_w.o)
    0x08005814   0x00000006   Code   RO          777    .text               c_w.l(heapauxi.o)
    0x0800581a   0x00000002   Code   RO          781    .text               c_w.l(use_no_semi.o)
    0x0800581c   0x000000b2   Code   RO          784    .text               c_w.l(_printf_intcommon.o)
    0x080058ce   0x0000002c   Code   RO          786    .text               c_w.l(_printf_char.o)
    0x080058fa   0x00000002   PAD
    0x080058fc   0x00000024   Code   RO          788    .text               c_w.l(_printf_char_file.o)
    0x08005920   0x00000064   Code   RO          791    .text               c_w.l(rt_memcpy_w.o)
    0x08005984   0x00000030   Code   RO          808    .text               c_w.l(_printf_char_common.o)
    0x080059b4   0x00000008   Code   RO          810    .text               c_w.l(ferror.o)
    0x080059bc   0x0000004a   Code   RO          814    .text               c_w.l(sys_stackheap_outer.o)
    0x08005a06   0x00000012   Code   RO          818    .text               c_w.l(exit.o)
    0x08005a18   0x00000008   Code   RO          826    .text               c_w.l(libspace.o)
    0x08005a20   0x0000000a   Code   RO          885    x$fpl$fpinit        fz_wm.l(fpinit.o)
    0x08005a2a   0x00000002   PAD
    0x08005a2c   0x00000020   Data   RO          949    Region$$Table       anon$$obj.o


    Execution Region RW_IRAM1 (Base: 0x20000000, Size: 0x00013518, Max: 0x00020000, ABSOLUTE)

    Base Addr    Size         Type   Attr      Idx    E Section Name        Object

    0x20000000   0x00000012   Data   RW            4    .data               main.o
    0x20000012   0x00000002   PAD
    0x20000014   0x00000014   Data   RW          236    .data               system_stm32f4xx.o
    0x20000028   0x00000004   Data   RW          323    .data               delay.o
    0x2000002c   0x00000006   Data   RW          373    .data               usart.o
    0x20000032   0x00000010   Data   RW          456    .data               stm32f4xx_rcc.o
    0x20000042   0x00000002   PAD
    0x20000044   0x00000040   Data   RW          632    .data               tasks.o
    0x20000084   0x00000014   Data   RW          654    .data               timers.o
    0x20000098   0x0000001c   Data   RW          687    .data               heap_4.o
    0x200000b4   0x0000000c   Data   RW          702    .data               port.o
    0x200000c0   0x000000c8   Zero   RW          372    .bss                usart.o
    0x20000188   0x00000040   Zero   RW          583    .bss                queue.o
    0x200001c8   0x000000c8   Zero   RW          631    .bss                tasks.o
    0x20000290   0x00000028   Zero   RW          653    .bss                timers.o
    0x200002b8   0x00012c00   Zero   RW          686    .bss                heap_4.o
    0x20012eb8   0x00000060   Zero   RW          827    .bss                c_w.l(libspace.o)
    0x20012f18   0x00000200   Zero   RW          407    HEAP                startup_stm32f40_41xxx.o
    0x20013118   0x00000400   Zero   RW          406    STACK               startup_stm32f40_41xxx.o


==============================================================================

Image component sizes


      Code (inc. data)   RO Data    RW Data    ZI Data      Debug   Object Name

       260          8          0          4          0       1489   delay.o
         0          0          0          0          0      14648   event_groups.o
       800         30          0         28      76800       5151   heap_4.o
        60          4          0          0          0        531   led.o
       148          0          0          0          0       2054   list.o
       460        136          0         18          0     278366   main.o
       224         20          0          0          0       1829   misc.o
      1022         52          0         12          0       9031   port.o
      4124         18          0          0         64      22612   queue.o
        64         26        392          0       1536        840   startup_stm32f40_41xxx.o
       660         44          0          0          0       4169   stm32f4xx_gpio.o
        20          0          0          0          0        951   stm32f4xx_it.o
      1628         52          0         16          0      13052   stm32f4xx_rcc.o
      1108         34          0          0          0       7892   stm32f4xx_usart.o
       528         46          0         20          0       1795   system_stm32f4xx.o
      8272        402          0         64        200      37061   tasks.o
      1628         72          0         20         40      27175   timers.o
       336         16          0          6        200       3390   usart.o

    ----------------------------------------------------------------------
     21344        960        424        192      78840     432036   Object Totals
         0          0         32          0          0          0   (incl. Generated)
         2          0          0          4          0          0   (incl. Padding)

    ----------------------------------------------------------------------

      Code (inc. data)   RO Data    RW Data    ZI Data      Debug   Library Member Name

         8          0          0          0          0         68   __main.o
       104          0          0          0          0         84   __printf.o
         0          0          0          0          0          0   __rtentry.o
        12          0          0          0          0          0   __rtentry2.o
         6          0          0          0          0          0   __rtentry4.o
        52          8          0          0          0          0   __scatter.o
        26          0          0          0          0          0   __scatter_copy.o
        28          0          0          0          0          0   __scatter_zi.o
        44          0          0          0          0        108   _printf_char.o
        48          6          0          0          0         96   _printf_char_common.o
        36          4          0          0          0         80   _printf_char_file.o
         6          0          0          0          0          0   _printf_d.o
       120         16          0          0          0         92   _printf_dec.o
       178          0          0          0          0         88   _printf_intcommon.o
         0          0          0          0          0          0   _printf_percent.o
         4          0          0          0          0          0   _printf_percent_end.o
         6          0          0          0          0          0   _printf_s.o
        82          0          0          0          0         80   _printf_str.o
        16          0          0          0          0         68   aeabi_memset.o
        18          0          0          0          0         80   exit.o
         8          0          0          0          0         68   ferror.o
         6          0          0          0          0        152   heapauxi.o
         2          0          0          0          0          0   libinit.o
         6          0          0          0          0          0   libinit2.o
         2          0          0          0          0          0   libshutdown.o
         2          0          0          0          0          0   libshutdown2.o
         8          4          0          0         96         68   libspace.o
        24          4          0          0          0         84   noretval__2printf.o
        68          0          0          0          0         68   rt_memclr.o
        78          0          0          0          0         80   rt_memclr_w.o
       138          0          0          0          0         68   rt_memcpy_v6.o
       100          0          0          0          0         80   rt_memcpy_w.o
         2          0          0          0          0          0   rtexit.o
        10          0          0          0          0          0   rtexit2.o
        74          0          0          0          0         80   sys_stackheap_outer.o
         2          0          0          0          0         68   use_no_semi.o
         2          0          0          0          0         68   use_no_semi_2.o
        10          0          0          0          0        116   fpinit.o

    ----------------------------------------------------------------------
      1348         42          0          0         96       1844   Library Totals
        12          0          0          0          0          0   (incl. Padding)

    ----------------------------------------------------------------------

      Code (inc. data)   RO Data    RW Data    ZI Data      Debug   Library Name

      1326         42          0          0         96       1728   c_w.l
        10          0          0          0          0        116   fz_wm.l

    ----------------------------------------------------------------------
      1348         42          0          0         96       1844   Library Totals

    ----------------------------------------------------------------------

==============================================================================


      Code (inc. data)   RO Data    RW Data    ZI Data      Debug   

     22692       1002        424        192      78936     429096   Grand Totals
     22692       1002        424        192      78936     429096   ELF Image Totals
     22692       1002        424        192          0          0   ROM Totals

==============================================================================

    Total RO  Size (Code + RO Data)                23116 (  22.57kB)
    Total RW  Size (RW Data + ZI Data)             79128 (  77.27kB)
    Total ROM Size (Code + RO Data + RW Data)      23308 (  22.76kB)

==============================================================================

